[INFO] Scanning for projects...
[INFO] 
[INFO] --------------------------< com.nexo:gestion >--------------------------
[INFO] Building gestion 0.0.1-SNAPSHOT
[INFO]   from pom.xml
[INFO] --------------------------------[ jar ]---------------------------------
[INFO] 
[INFO] --- resources:3.3.1:resources (default-resources) @ gestion ---
[INFO] Copying 2 resources from src\main\resources to target\classes
[INFO] Copying 81 resources from src\main\resources to target\classes
[INFO] 
[INFO] --- compiler:3.13.0:compile (default-compile) @ gestion ---
[INFO] Nothing to compile - all classes are up to date.
[INFO] 
[INFO] --- resources:3.3.1:testResources (default-testResources) @ gestion ---
[INFO] Copying 1 resource from src\test\resources to target\test-classes
[INFO] 
[INFO] --- compiler:3.13.0:testCompile (default-testCompile) @ gestion ---
[INFO] Nothing to compile - all classes are up to date.
[INFO] 
[INFO] --- surefire:3.2.5:test (default-test) @ gestion ---
[INFO] Using auto detected provider org.apache.maven.surefire.junitplatform.JUnitPlatformProvider
[INFO] 
[INFO] -------------------------------------------------------
[INFO]  T E S T S
[INFO] -------------------------------------------------------
[INFO] Running com.nexo.gestion.AsistenciaTest
20:33:56.582 [main] INFO org.springframework.test.context.support.AnnotationConfigContextLoaderUtils -- Could not detect default configuration classes for test class [com.nexo.gestion.AsistenciaTest]: AsistenciaTest does not declare any static, non-private, non-final, nested classes annotated with @Configuration.
20:33:56.724 [main] INFO org.springframework.boot.test.context.SpringBootTestContextBootstrapper -- Found @SpringBootConfiguration com.nexo.gestion.GestionApplication for test class com.nexo.gestion.AsistenciaTest
20:33:56.947 [main] INFO org.springframework.boot.devtools.restart.RestartApplicationListener -- Restart disabled due to context in which it is running

  .   ____          _            __ _ _
 /\\ / ___'_ __ _ _(_)_ __  __ _ \ \ \ \
( ( )\___ | '_ | '_| | '_ \/ _` | \ \ \ \
 \\/  ___)| |_)| | | | | || (_| |  ) ) ) )
  '  |____| .__|_| |_|_| |_\__, | / / / /
 =========|_|==============|___/=/_/_/_/

 :: Spring Boot ::                (v3.3.5)

2026-02-25T20:33:57.230-03:00  INFO 19976 --- [           main] com.nexo.gestion.AsistenciaTest          : Starting AsistenciaTest using Java 17.0.12 with PID 19976 (started by matuc in C:\Users\matuc\OneDrive\Escritorio\gestion)
2026-02-25T20:33:57.232-03:00  INFO 19976 --- [           main] com.nexo.gestion.AsistenciaTest          : No active profile set, falling back to 1 default profile: "default"
2026-02-25T20:33:58.546-03:00  INFO 19976 --- [           main] .s.d.r.c.RepositoryConfigurationDelegate : Bootstrapping Spring Data JPA repositories in DEFAULT mode.
2026-02-25T20:33:58.672-03:00  INFO 19976 --- [           main] .s.d.r.c.RepositoryConfigurationDelegate : Finished Spring Data repository scanning in 114 ms. Found 17 JPA repository interfaces.
2026-02-25T20:33:59.808-03:00  INFO 19976 --- [           main] com.zaxxer.hikari.HikariDataSource       : HikariPool-1 - Starting...
2026-02-25T20:34:00.150-03:00  INFO 19976 --- [           main] com.zaxxer.hikari.pool.HikariPool        : HikariPool-1 - Added connection org.postgresql.jdbc.PgConnection@5abbb273
2026-02-25T20:34:00.154-03:00  INFO 19976 --- [           main] com.zaxxer.hikari.HikariDataSource       : HikariPool-1 - Start completed.
2026-02-25T20:34:00.194-03:00  INFO 19976 --- [           main] org.flywaydb.core.FlywayExecutor         : Database: jdbc:postgresql://localhost:5432/gimnasiov2 (PostgreSQL 18.1)
2026-02-25T20:34:00.205-03:00  WARN 19976 --- [           main] o.f.c.internal.database.base.Database    : Flyway upgrade recommended: PostgreSQL 18.1 is newer than this version of Flyway and support has not been tested. The latest supported version of PostgreSQL is 16.
2026-02-25T20:34:00.275-03:00  INFO 19976 --- [           main] o.f.core.internal.command.DbValidate     : Successfully validated 5 migrations (execution time 00:00.046s)
2026-02-25T20:34:00.420-03:00  INFO 19976 --- [           main] o.f.core.internal.command.DbMigrate      : Current version of schema "public": 5
2026-02-25T20:34:00.423-03:00  INFO 19976 --- [           main] o.f.core.internal.command.DbMigrate      : Schema "public" is up to date. No migration necessary.
2026-02-25T20:34:00.559-03:00  INFO 19976 --- [           main] o.hibernate.jpa.internal.util.LogHelper  : HHH000204: Processing PersistenceUnitInfo [name: default]
2026-02-25T20:34:00.657-03:00  INFO 19976 --- [           main] org.hibernate.Version                    : HHH000412: Hibernate ORM core version 6.5.3.Final
2026-02-25T20:34:00.708-03:00  INFO 19976 --- [           main] o.h.c.internal.RegionFactoryInitiator    : HHH000026: Second-level cache disabled
2026-02-25T20:34:01.140-03:00  INFO 19976 --- [           main] o.s.o.j.p.SpringPersistenceUnitInfo      : No LoadTimeWeaver setup: ignoring JPA class transformer
2026-02-25T20:34:01.238-03:00  WARN 19976 --- [           main] org.hibernate.orm.deprecation            : HHH90000025: PostgreSQLDialect does not need to be specified explicitly using 'hibernate.dialect' (remove the property setting and it will be selected by default)
2026-02-25T20:34:02.885-03:00  INFO 19976 --- [           main] o.h.e.t.j.p.i.JtaPlatformInitiator       : HHH000489: No JTA platform available (set 'hibernate.transaction.jta.platform' to enable JTA platform integration)
2026-02-25T20:34:02.889-03:00  INFO 19976 --- [           main] j.LocalContainerEntityManagerFactoryBean : Initialized JPA EntityManagerFactory for persistence unit 'default'
2026-02-25T20:34:03.608-03:00  INFO 19976 --- [           main] o.s.d.j.r.query.QueryEnhancerFactory     : Hibernate is in classpath; If applicable, HQL parser will be used.
2026-02-25T20:34:04.439-03:00  INFO 19976 --- [           main] r$InitializeUserDetailsManagerConfigurer : Global AuthenticationManager configured with UserDetailsService bean with name customUserDetailsService
2026-02-25T20:34:05.769-03:00  WARN 19976 --- [           main] JpaBaseConfiguration$JpaWebConfiguration : spring.jpa.open-in-view is enabled by default. Therefore, database queries may be performed during view rendering. Explicitly configure spring.jpa.open-in-view to disable this warning
2026-02-25T20:34:05.913-03:00  INFO 19976 --- [           main] o.s.b.a.w.s.WelcomePageHandlerMapping    : Adding welcome page: class path resource [static/index.html]
2026-02-25T20:34:06.343-03:00  INFO 19976 --- [           main] o.s.b.a.e.web.EndpointLinksResolver      : Exposing 1 endpoint beneath base path '/actuator'
2026-02-25T20:34:06.700-03:00  WARN 19976 --- [           main] ion$DefaultTemplateResolverConfiguration : Cannot find template location: classpath:/templates/ (please add some templates, check your Thymeleaf configuration, or set spring.thymeleaf.check-template-location=false)
2026-02-25T20:34:07.144-03:00  INFO 19976 --- [           main] com.nexo.gestion.AsistenciaTest          : Started AsistenciaTest in 10.213 seconds (process running for 11.439)
Hibernate: 
    select
        u1_0.id,
        u1_0.activo,
        u1_0.empleado_dni,
        u1_0.password,
        u1_0.rol,
        u1_0.socio_dni,
        u1_0.username 
    from
        usuario u1_0 
    where
        u1_0.username=?
Hibernate: 
    select
        mp1_0.id_mediopago 
    from
        medio_pago mp1_0 
    where
        mp1_0.nombre=? 
    fetch
        first ? rows only
Hibernate: 
    select
        mp1_0.id_mediopago 
    from
        medio_pago mp1_0 
    where
        mp1_0.nombre=? 
    fetch
        first ? rows only
2026-02-25T20:34:07.321-03:00  INFO 19976 --- [           main] c.nexo.gestion.config.DataInitializer    : Inicializaci¾n de datos completada correctamente.
.\mvnw.cmd : Java HotSpot(TM) 64-Bit Server 
VM warning: Sharing is only supported for 
boot loader classes because bootstrap 
classpath has been appended
En línea: 1 Carácter: 1
+ .\mvnw.cmd test 2>&1 > build_output.txt; 
Get-Content build_output.txt ...
+ ~~~~~~~~~~~~~~~~~~~~~~~~~~~~~~~~~~~~~~~
    + CategoryInfo          : NotSpecified:  
   (Java HotSpot(TM...s been appended:Strin  
  g) [], RemoteException
    + FullyQualifiedErrorId : NativeCommandE 
   rror
 
Hibernate: 
    select
        count(*) 
    from
        socio s1_0 
    where
        s1_0.dni=?
Hibernate: 
    select
        s1_0.dni 
    from
        socio s1_0 
    where
        s1_0.email=? 
    fetch
        first ? rows only
Hibernate: 
    select
        s1_0.dni,
        s1_0.activo,
        s1_0.email,
        s1_0.fecha_nacimiento,
        s1_0.nombre,
        s1_0.telefono 
    from
        socio s1_0 
    where
        s1_0.dni=?
Hibernate: 
    insert 
    into
        socio
        (activo, email, fecha_nacimiento, nombre, telefono, dni) 
    values
        (?, ?, ?, ?, ?, ?)
Hibernate: 
    SELECT
        EXISTS (     SELECT
            1     
        FROM
            socio_membresia sm     
        WHERE
            sm.dni_socio = ?       
            AND sm.activo = true       
            AND sm.fecha_inicio <= CURRENT_DATE       
            AND (           sm.fecha_hasta IS NULL           
            OR sm.fecha_hasta >= CURRENT_DATE       ) )  
Hibernate: 
    SELECT
        EXISTS (     SELECT
            1     
        FROM
            socio_membresia sm     
        WHERE
            sm.dni_socio = ?       
            AND sm.activo = true       
            AND sm.fecha_hasta < CURRENT_DATE       
            AND sm.fecha_hasta >= CURRENT_DATE - ? ) 
Hibernate: 
    select
        a1_0.dni,
        a1_0.fecha_hora,
        a1_0.estado_asistencia,
        s1_0.dni,
        s1_0.activo,
        s1_0.email,
        s1_0.fecha_nacimiento,
        s1_0.nombre,
        s1_0.telefono 
    from
        asistencia a1_0 
    join
        socio s1_0 
            on s1_0.dni=a1_0.dni 
    where
        (
            a1_0.dni, a1_0.fecha_hora
        ) in ((?, ?))
Hibernate: 
    select
        count(*) 
    from
        socio s1_0 
    where
        s1_0.dni=?
Hibernate: 
    select
        s1_0.dni 
    from
        socio s1_0 
    where
        s1_0.email=? 
    fetch
        first ? rows only
Hibernate: 
    select
        s1_0.dni,
        s1_0.activo,
        s1_0.email,
        s1_0.fecha_nacimiento,
        s1_0.nombre,
        s1_0.telefono 
    from
        socio s1_0 
    where
        s1_0.dni=?
Hibernate: 
    insert 
    into
        socio
        (activo, email, fecha_nacimiento, nombre, telefono, dni) 
    values
        (?, ?, ?, ?, ?, ?)
Hibernate: 
    insert 
    into
        membresia
        (activo, asistencias_por_semana, duracion_dias, nombre, precio_sugerido, tipo_membresia) 
    values
        (?, ?, ?, ?, ?, ?) 
    returning id_membresia
Hibernate: 
    insert 
    into
        socio_membresia
        (activo, fecha_hasta, fecha_inicio, id_membresia, precio, dni_socio) 
    values
        (?, ?, ?, ?, ?, ?) 
    returning id_sm
Hibernate: 
    SELECT
        EXISTS (     SELECT
            1     
        FROM
            socio_membresia sm     
        WHERE
            sm.dni_socio = ?       
            AND sm.activo = true       
            AND sm.fecha_inicio <= CURRENT_DATE       
            AND (           sm.fecha_hasta IS NULL           
            OR sm.fecha_hasta >= CURRENT_DATE       ) )  
Hibernate: 
    SELECT
        EXISTS (     SELECT
            1     
        FROM
            socio_membresia sm     
        WHERE
            sm.dni_socio = ?       
            AND sm.activo = true       
            AND sm.fecha_hasta < CURRENT_DATE       
            AND sm.fecha_hasta >= CURRENT_DATE - ? ) 
Hibernate: 
    SELECT
        EXISTS (     SELECT
            1     
        FROM
            asistencia a     
        WHERE
            a.fecha_hora::date = CURRENT_DATE       
            AND a.dni = ? ) 
Hibernate: 
    SELECT
        *     
    FROM
        socio_membresia sm     
    WHERE
        sm.dni_socio = ?       
        AND sm.activo = true       
        AND CURRENT_DATE BETWEEN sm.fecha_inicio AND sm.fecha_hasta     
    ORDER BY
        sm.fecha_inicio DESC     
    LIMIT
        1 
Hibernate: 
    SELECT
        count(*) 
    FROM
        asistencia a 
    join
        socio_membresia sc 
            on sc.dni_socio = a.dni 
    where
        (
            sc.id_sm = ?
        ) 
        and (
            a.dni = ?
        ) 
        and (
            (
                a.fecha_hora <= sc.fecha_hasta
            ) 
            and (
                a.fecha_hora >= sc.fecha_inicio
            )
        )
Hibernate: 
    select
        a1_0.dni,
        a1_0.fecha_hora,
        a1_0.estado_asistencia,
        s1_0.dni,
        s1_0.activo,
        s1_0.email,
        s1_0.fecha_nacimiento,
        s1_0.nombre,
        s1_0.telefono 
    from
        asistencia a1_0 
    join
        socio s1_0 
            on s1_0.dni=a1_0.dni 
    where
        (
            a1_0.dni, a1_0.fecha_hora
        ) in ((?, ?))
Hibernate: 
    insert 
    into
        asistencia
        (estado_asistencia, dni, fecha_hora) 
    values
        (?, ?, ?)
Hibernate: 
    SELECT
        EXISTS (     SELECT
            1     
        FROM
            socio_membresia sm     
        WHERE
            sm.dni_socio = ?       
            AND sm.activo = true       
            AND sm.fecha_inicio <= CURRENT_DATE       
            AND (           sm.fecha_hasta IS NULL           
            OR sm.fecha_hasta >= CURRENT_DATE       ) )  
Hibernate: 
    SELECT
        EXISTS (     SELECT
            1     
        FROM
            socio_membresia sm     
        WHERE
            sm.dni_socio = ?       
            AND sm.activo = true       
            AND sm.fecha_hasta < CURRENT_DATE       
            AND sm.fecha_hasta >= CURRENT_DATE - ? ) 
Hibernate: 
    SELECT
        EXISTS (     SELECT
            1     
        FROM
            asistencia a     
        WHERE
            a.fecha_hora::date = CURRENT_DATE       
            AND a.dni = ? ) 
Hibernate: 
    select
        count(*) 
    from
        socio s1_0 
    where
        s1_0.dni=?
Hibernate: 
    select
        s1_0.dni 
    from
        socio s1_0 
    where
        s1_0.email=? 
    fetch
        first ? rows only
Hibernate: 
    select
        s1_0.dni,
        s1_0.activo,
        s1_0.email,
        s1_0.fecha_nacimiento,
        s1_0.nombre,
        s1_0.telefono 
    from
        socio s1_0 
    where
        s1_0.dni=?
Hibernate: 
    insert 
    into
        socio
        (activo, email, fecha_nacimiento, nombre, telefono, dni) 
    values
        (?, ?, ?, ?, ?, ?)
Hibernate: 
    insert 
    into
        membresia
        (activo, asistencias_por_semana, duracion_dias, nombre, precio_sugerido, tipo_membresia) 
    values
        (?, ?, ?, ?, ?, ?) 
    returning id_membresia
Hibernate: 
    insert 
    into
        socio_membresia
        (activo, fecha_hasta, fecha_inicio, id_membresia, precio, dni_socio) 
    values
        (?, ?, ?, ?, ?, ?) 
    returning id_sm
Hibernate: 
    SELECT
        *     
    FROM
        socio_membresia sm     
    WHERE
        sm.dni_socio = ?       
        AND sm.activo = true       
        AND CURRENT_DATE BETWEEN sm.fecha_inicio AND sm.fecha_hasta     
    ORDER BY
        sm.fecha_inicio DESC     
    LIMIT
        1 
Hibernate: 
    update
        socio_membresia 
    set
        activo=?,
        fecha_hasta=?,
        fecha_inicio=?,
        id_membresia=?,
        precio=?,
        dni_socio=? 
    where
        id_sm=?
Hibernate: 
    SELECT
        EXISTS (     SELECT
            1     
        FROM
            socio_membresia sm     
        WHERE
            sm.dni_socio = ?       
            AND sm.activo = true       
            AND sm.fecha_inicio <= CURRENT_DATE       
            AND (           sm.fecha_hasta IS NULL           
            OR sm.fecha_hasta >= CURRENT_DATE       ) )  
Hibernate: 
    SELECT
        EXISTS (     SELECT
            1     
        FROM
            socio_membresia sm     
        WHERE
            sm.dni_socio = ?       
            AND sm.activo = true       
            AND sm.fecha_hasta < CURRENT_DATE       
            AND sm.fecha_hasta >= CURRENT_DATE - ? ) 
Hibernate: 
    select
        a1_0.dni,
        a1_0.fecha_hora,
        a1_0.estado_asistencia,
        s1_0.dni,
        s1_0.activo,
        s1_0.email,
        s1_0.fecha_nacimiento,
        s1_0.nombre,
        s1_0.telefono 
    from
        asistencia a1_0 
    join
        socio s1_0 
            on s1_0.dni=a1_0.dni 
    where
        (
            a1_0.dni, a1_0.fecha_hora
        ) in ((?, ?))
Hibernate: 
    select
        count(*) 
    from
        socio s1_0 
    where
        s1_0.dni=?
Hibernate: 
    select
        s1_0.dni 
    from
        socio s1_0 
    where
        s1_0.email=? 
    fetch
        first ? rows only
Hibernate: 
    select
        s1_0.dni,
        s1_0.activo,
        s1_0.email,
        s1_0.fecha_nacimiento,
        s1_0.nombre,
        s1_0.telefono 
    from
        socio s1_0 
    where
        s1_0.dni=?
Hibernate: 
    insert 
    into
        socio
        (activo, email, fecha_nacimiento, nombre, telefono, dni) 
    values
        (?, ?, ?, ?, ?, ?)
Hibernate: 
    insert 
    into
        membresia
        (activo, asistencias_por_semana, duracion_dias, nombre, precio_sugerido, tipo_membresia) 
    values
        (?, ?, ?, ?, ?, ?) 
    returning id_membresia
Hibernate: 
    insert 
    into
        socio_membresia
        (activo, fecha_hasta, fecha_inicio, id_membresia, precio, dni_socio) 
    values
        (?, ?, ?, ?, ?, ?) 
    returning id_sm
Hibernate: 
    SELECT
        *     
    FROM
        socio_membresia sm     
    WHERE
        sm.dni_socio = ?       
        AND sm.activo = true       
        AND CURRENT_DATE BETWEEN sm.fecha_inicio AND sm.fecha_hasta     
    ORDER BY
        sm.fecha_inicio DESC     
    LIMIT
        1 
Hibernate: 
    update
        socio_membresia 
    set
        activo=?,
        fecha_hasta=?,
        fecha_inicio=?,
        id_membresia=?,
        precio=?,
        dni_socio=? 
    where
        id_sm=?
Hibernate: 
    SELECT
        *     
    FROM
        socio_membresia sm     
    WHERE
        sm.dni_socio = ?       
        AND sm.activo = true       
        AND CURRENT_DATE BETWEEN sm.fecha_inicio AND sm.fecha_hasta     
    ORDER BY
        sm.fecha_inicio DESC     
    LIMIT
        1 
Hibernate: 
    SELECT
        count(*) 
    FROM
        asistencia a 
    join
        socio_membresia sc 
            on sc.dni_socio = a.dni 
    where
        (
            sc.id_sm = ?
        ) 
        and (
            a.dni = ?
        ) 
        and (
            (
                a.fecha_hora <= sc.fecha_hasta
            ) 
            and (
                a.fecha_hora >= sc.fecha_inicio
            )
        )
Hibernate: 
    select
        a1_0.dni,
        a1_0.fecha_hora,
        a1_0.estado_asistencia,
        s1_0.dni,
        s1_0.activo,
        s1_0.email,
        s1_0.fecha_nacimiento,
        s1_0.nombre,
        s1_0.telefono 
    from
        asistencia a1_0 
    join
        socio s1_0 
            on s1_0.dni=a1_0.dni 
    where
        (
            a1_0.dni, a1_0.fecha_hora
        ) in ((?, ?))
Hibernate: 
    insert 
    into
        asistencia
        (estado_asistencia, dni, fecha_hora) 
    values
        (?, ?, ?)
Hibernate: 
    SELECT
        *     
    FROM
        socio_membresia sm     
    WHERE
        sm.dni_socio = ?       
        AND sm.activo = true       
        AND CURRENT_DATE BETWEEN sm.fecha_inicio AND sm.fecha_hasta     
    ORDER BY
        sm.fecha_inicio DESC     
    LIMIT
        1 
Hibernate: 
    SELECT
        count(*) 
    FROM
        asistencia a 
    join
        socio_membresia sc 
            on sc.dni_socio = a.dni 
    where
        (
            sc.id_sm = ?
        ) 
        and (
            a.dni = ?
        ) 
        and (
            (
                a.fecha_hora <= sc.fecha_hasta
            ) 
            and (
                a.fecha_hora >= sc.fecha_inicio
            )
        )
Hibernate: 
    select
        a1_0.dni,
        a1_0.fecha_hora,
        a1_0.estado_asistencia,
        s1_0.dni,
        s1_0.activo,
        s1_0.email,
        s1_0.fecha_nacimiento,
        s1_0.nombre,
        s1_0.telefono 
    from
        asistencia a1_0 
    join
        socio s1_0 
            on s1_0.dni=a1_0.dni 
    where
        (
            a1_0.dni, a1_0.fecha_hora
        ) in ((?, ?))
Hibernate: 
    insert 
    into
        asistencia
        (estado_asistencia, dni, fecha_hora) 
    values
        (?, ?, ?)
Hibernate: 
    SELECT
        *     
    FROM
        socio_membresia sm     
    WHERE
        sm.dni_socio = ?       
        AND sm.activo = true       
        AND CURRENT_DATE BETWEEN sm.fecha_inicio AND sm.fecha_hasta     
    ORDER BY
        sm.fecha_inicio DESC     
    LIMIT
        1 
Hibernate: 
    SELECT
        count(*) 
    FROM
        asistencia a 
    join
        socio_membresia sc 
            on sc.dni_socio = a.dni 
    where
        (
            sc.id_sm = ?
        ) 
        and (
            a.dni = ?
        ) 
        and (
            (
                a.fecha_hora <= sc.fecha_hasta
            ) 
            and (
                a.fecha_hora >= sc.fecha_inicio
            )
        )
Hibernate: 
    select
        a1_0.dni,
        a1_0.fecha_hora,
        a1_0.estado_asistencia,
        s1_0.dni,
        s1_0.activo,
        s1_0.email,
        s1_0.fecha_nacimiento,
        s1_0.nombre,
        s1_0.telefono 
    from
        asistencia a1_0 
    join
        socio s1_0 
            on s1_0.dni=a1_0.dni 
    where
        (
            a1_0.dni, a1_0.fecha_hora
        ) in ((?, ?))
Hibernate: 
    insert 
    into
        asistencia
        (estado_asistencia, dni, fecha_hora) 
    values
        (?, ?, ?)
Hibernate: 
    SELECT
        *     
    FROM
        socio_membresia sm     
    WHERE
        sm.dni_socio = ?       
        AND sm.activo = true       
        AND CURRENT_DATE BETWEEN sm.fecha_inicio AND sm.fecha_hasta     
    ORDER BY
        sm.fecha_inicio DESC     
    LIMIT
        1 
Hibernate: 
    SELECT
        count(*) 
    FROM
        asistencia a 
    join
        socio_membresia sc 
            on sc.dni_socio = a.dni 
    where
        (
            sc.id_sm = ?
        ) 
        and (
            a.dni = ?
        ) 
        and (
            (
                a.fecha_hora <= sc.fecha_hasta
            ) 
            and (
                a.fecha_hora >= sc.fecha_inicio
            )
        )
Hibernate: 
    select
        a1_0.dni,
        a1_0.fecha_hora,
        a1_0.estado_asistencia,
        s1_0.dni,
        s1_0.activo,
        s1_0.email,
        s1_0.fecha_nacimiento,
        s1_0.nombre,
        s1_0.telefono 
    from
        asistencia a1_0 
    join
        socio s1_0 
            on s1_0.dni=a1_0.dni 
    where
        (
            a1_0.dni, a1_0.fecha_hora
        ) in ((?, ?))
Hibernate: 
    insert 
    into
        asistencia
        (estado_asistencia, dni, fecha_hora) 
    values
        (?, ?, ?)
Hibernate: 
    SELECT
        *     
    FROM
        socio_membresia sm     
    WHERE
        sm.dni_socio = ?       
        AND sm.activo = true       
        AND CURRENT_DATE BETWEEN sm.fecha_inicio AND sm.fecha_hasta     
    ORDER BY
        sm.fecha_inicio DESC     
    LIMIT
        1 
Hibernate: 
    SELECT
        count(*) 
    FROM
        asistencia a 
    join
        socio_membresia sc 
            on sc.dni_socio = a.dni 
    where
        (
            sc.id_sm = ?
        ) 
        and (
            a.dni = ?
        ) 
        and (
            (
                a.fecha_hora <= sc.fecha_hasta
            ) 
            and (
                a.fecha_hora >= sc.fecha_inicio
            )
        )
Hibernate: 
    select
        a1_0.dni,
        a1_0.fecha_hora,
        a1_0.estado_asistencia,
        s1_0.dni,
        s1_0.activo,
        s1_0.email,
        s1_0.fecha_nacimiento,
        s1_0.nombre,
        s1_0.telefono 
    from
        asistencia a1_0 
    join
        socio s1_0 
            on s1_0.dni=a1_0.dni 
    where
        (
            a1_0.dni, a1_0.fecha_hora
        ) in ((?, ?))
Hibernate: 
    insert 
    into
        asistencia
        (estado_asistencia, dni, fecha_hora) 
    values
        (?, ?, ?)
Hibernate: 
    SELECT
        *     
    FROM
        socio_membresia sm     
    WHERE
        sm.dni_socio = ?       
        AND sm.activo = true       
        AND CURRENT_DATE BETWEEN sm.fecha_inicio AND sm.fecha_hasta     
    ORDER BY
        sm.fecha_inicio DESC     
    LIMIT
        1 
Hibernate: 
    SELECT
        count(*) 
    FROM
        asistencia a 
    join
        socio_membresia sc 
            on sc.dni_socio = a.dni 
    where
        (
            sc.id_sm = ?
        ) 
        and (
            a.dni = ?
        ) 
        and (
            (
                a.fecha_hora <= sc.fecha_hasta
            ) 
            and (
                a.fecha_hora >= sc.fecha_inicio
            )
        )
Hibernate: 
    select
        a1_0.dni,
        a1_0.fecha_hora,
        a1_0.estado_asistencia,
        s1_0.dni,
        s1_0.activo,
        s1_0.email,
        s1_0.fecha_nacimiento,
        s1_0.nombre,
        s1_0.telefono 
    from
        asistencia a1_0 
    join
        socio s1_0 
            on s1_0.dni=a1_0.dni 
    where
        (
            a1_0.dni, a1_0.fecha_hora
        ) in ((?, ?))
Hibernate: 
    insert 
    into
        asistencia
        (estado_asistencia, dni, fecha_hora) 
    values
        (?, ?, ?)
Hibernate: 
    SELECT
        *     
    FROM
        socio_membresia sm     
    WHERE
        sm.dni_socio = ?       
        AND sm.activo = true       
        AND CURRENT_DATE BETWEEN sm.fecha_inicio AND sm.fecha_hasta     
    ORDER BY
        sm.fecha_inicio DESC     
    LIMIT
        1 
Hibernate: 
    SELECT
        count(*) 
    FROM
        asistencia a 
    join
        socio_membresia sc 
            on sc.dni_socio = a.dni 
    where
        (
            sc.id_sm = ?
        ) 
        and (
            a.dni = ?
        ) 
        and (
            (
                a.fecha_hora <= sc.fecha_hasta
            ) 
            and (
                a.fecha_hora >= sc.fecha_inicio
            )
        )
Hibernate: 
    select
        a1_0.dni,
        a1_0.fecha_hora,
        a1_0.estado_asistencia,
        s1_0.dni,
        s1_0.activo,
        s1_0.email,
        s1_0.fecha_nacimiento,
        s1_0.nombre,
        s1_0.telefono 
    from
        asistencia a1_0 
    join
        socio s1_0 
            on s1_0.dni=a1_0.dni 
    where
        (
            a1_0.dni, a1_0.fecha_hora
        ) in ((?, ?))
Hibernate: 
    insert 
    into
        asistencia
        (estado_asistencia, dni, fecha_hora) 
    values
        (?, ?, ?)
Hibernate: 
    SELECT
        *     
    FROM
        socio_membresia sm     
    WHERE
        sm.dni_socio = ?       
        AND sm.activo = true       
        AND CURRENT_DATE BETWEEN sm.fecha_inicio AND sm.fecha_hasta     
    ORDER BY
        sm.fecha_inicio DESC     
    LIMIT
        1 
Hibernate: 
    SELECT
        count(*) 
    FROM
        asistencia a 
    join
        socio_membresia sc 
            on sc.dni_socio = a.dni 
    where
        (
            sc.id_sm = ?
        ) 
        and (
            a.dni = ?
        ) 
        and (
            (
                a.fecha_hora <= sc.fecha_hasta
            ) 
            and (
                a.fecha_hora >= sc.fecha_inicio
            )
        )
Hibernate: 
    select
        a1_0.dni,
        a1_0.fecha_hora,
        a1_0.estado_asistencia,
        s1_0.dni,
        s1_0.activo,
        s1_0.email,
        s1_0.fecha_nacimiento,
        s1_0.nombre,
        s1_0.telefono 
    from
        asistencia a1_0 
    join
        socio s1_0 
            on s1_0.dni=a1_0.dni 
    where
        (
            a1_0.dni, a1_0.fecha_hora
        ) in ((?, ?))
Hibernate: 
    insert 
    into
        asistencia
        (estado_asistencia, dni, fecha_hora) 
    values
        (?, ?, ?)
Hibernate: 
    SELECT
        *     
    FROM
        socio_membresia sm     
    WHERE
        sm.dni_socio = ?       
        AND sm.activo = true       
        AND CURRENT_DATE BETWEEN sm.fecha_inicio AND sm.fecha_hasta     
    ORDER BY
        sm.fecha_inicio DESC     
    LIMIT
        1 
Hibernate: 
    SELECT
        count(*) 
    FROM
        asistencia a 
    join
        socio_membresia sc 
            on sc.dni_socio = a.dni 
    where
        (
            sc.id_sm = ?
        ) 
        and (
            a.dni = ?
        ) 
        and (
            (
                a.fecha_hora <= sc.fecha_hasta
            ) 
            and (
                a.fecha_hora >= sc.fecha_inicio
            )
        )
Hibernate: 
    SELECT
        EXISTS (     SELECT
            1     
        FROM
            socio_membresia sm     
        WHERE
            sm.dni_socio = ?       
            AND sm.activo = true       
            AND sm.fecha_inicio <= CURRENT_DATE       
            AND (           sm.fecha_hasta IS NULL           
            OR sm.fecha_hasta >= CURRENT_DATE       ) )  
Hibernate: 
    SELECT
        EXISTS (     SELECT
            1     
        FROM
            socio_membresia sm     
        WHERE
            sm.dni_socio = ?       
            AND sm.activo = true       
            AND sm.fecha_hasta < CURRENT_DATE       
            AND sm.fecha_hasta >= CURRENT_DATE - ? ) 
Hibernate: 
    SELECT
        EXISTS (     SELECT
            1     
        FROM
            asistencia a     
        WHERE
            a.fecha_hora::date = CURRENT_DATE       
            AND a.dni = ? ) 
Hibernate: 
    SELECT
        *     
    FROM
        socio_membresia sm     
    WHERE
        sm.dni_socio = ?       
        AND sm.activo = true       
        AND CURRENT_DATE BETWEEN sm.fecha_inicio AND sm.fecha_hasta     
    ORDER BY
        sm.fecha_inicio DESC     
    LIMIT
        1 
Hibernate: 
    SELECT
        count(*) 
    FROM
        asistencia a 
    join
        socio_membresia sc 
            on sc.dni_socio = a.dni 
    where
        (
            sc.id_sm = ?
        ) 
        and (
            a.dni = ?
        ) 
        and (
            (
                a.fecha_hora <= sc.fecha_hasta
            ) 
            and (
                a.fecha_hora >= sc.fecha_inicio
            )
        )
Hibernate: 
    select
        count(*) 
    from
        socio s1_0 
    where
        s1_0.dni=?
Hibernate: 
    select
        s1_0.dni 
    from
        socio s1_0 
    where
        s1_0.email=? 
    fetch
        first ? rows only
Hibernate: 
    select
        s1_0.dni,
        s1_0.activo,
        s1_0.email,
        s1_0.fecha_nacimiento,
        s1_0.nombre,
        s1_0.telefono 
    from
        socio s1_0 
    where
        s1_0.dni=?
Hibernate: 
    insert 
    into
        socio
        (activo, email, fecha_nacimiento, nombre, telefono, dni) 
    values
        (?, ?, ?, ?, ?, ?)
Hibernate: 
    insert 
    into
        membresia
        (activo, asistencias_por_semana, duracion_dias, nombre, precio_sugerido, tipo_membresia) 
    values
        (?, ?, ?, ?, ?, ?) 
    returning id_membresia
Hibernate: 
    insert 
    into
        socio_membresia
        (activo, fecha_hasta, fecha_inicio, id_membresia, precio, dni_socio) 
    values
        (?, ?, ?, ?, ?, ?) 
    returning id_sm
Hibernate: 
    SELECT
        *     
    FROM
        socio_membresia sm     
    WHERE
        sm.dni_socio = ?       
        AND sm.activo = true       
        AND CURRENT_DATE BETWEEN sm.fecha_inicio AND sm.fecha_hasta     
    ORDER BY
        sm.fecha_inicio DESC     
    LIMIT
        1 
Hibernate: 
    update
        socio_membresia 
    set
        activo=?,
        fecha_hasta=?,
        fecha_inicio=?,
        id_membresia=?,
        precio=?,
        dni_socio=? 
    where
        id_sm=?
Hibernate: 
    select
        a1_0.dni,
        a1_0.fecha_hora,
        a1_0.estado_asistencia,
        s1_0.dni,
        s1_0.activo,
        s1_0.email,
        s1_0.fecha_nacimiento,
        s1_0.nombre,
        s1_0.telefono 
    from
        asistencia a1_0 
    join
        socio s1_0 
            on s1_0.dni=a1_0.dni 
    where
        (
            a1_0.dni, a1_0.fecha_hora
        ) in ((?, ?))
Hibernate: 
    select
        a1_0.dni,
        a1_0.fecha_hora,
        a1_0.estado_asistencia,
        s1_0.dni,
        s1_0.activo,
        s1_0.email,
        s1_0.fecha_nacimiento,
        s1_0.nombre,
        s1_0.telefono 
    from
        asistencia a1_0 
    join
        socio s1_0 
            on s1_0.dni=a1_0.dni 
    where
        (
            a1_0.dni, a1_0.fecha_hora
        ) in ((?, ?))
Hibernate: 
    select
        a1_0.dni,
        a1_0.fecha_hora,
        a1_0.estado_asistencia,
        s1_0.dni,
        s1_0.activo,
        s1_0.email,
        s1_0.fecha_nacimiento,
        s1_0.nombre,
        s1_0.telefono 
    from
        asistencia a1_0 
    join
        socio s1_0 
            on s1_0.dni=a1_0.dni 
    where
        (
            a1_0.dni, a1_0.fecha_hora
        ) in ((?, ?))
Hibernate: 
    select
        a1_0.dni,
        a1_0.fecha_hora,
        a1_0.estado_asistencia,
        s1_0.dni,
        s1_0.activo,
        s1_0.email,
        s1_0.fecha_nacimiento,
        s1_0.nombre,
        s1_0.telefono 
    from
        asistencia a1_0 
    join
        socio s1_0 
            on s1_0.dni=a1_0.dni 
    where
        (
            a1_0.dni, a1_0.fecha_hora
        ) in ((?, ?))
Hibernate: 
    select
        a1_0.dni,
        a1_0.fecha_hora,
        a1_0.estado_asistencia,
        s1_0.dni,
        s1_0.activo,
        s1_0.email,
        s1_0.fecha_nacimiento,
        s1_0.nombre,
        s1_0.telefono 
    from
        asistencia a1_0 
    join
        socio s1_0 
            on s1_0.dni=a1_0.dni 
    where
        (
            a1_0.dni, a1_0.fecha_hora
        ) in ((?, ?))
Hibernate: 
    select
        a1_0.dni,
        a1_0.fecha_hora,
        a1_0.estado_asistencia,
        s1_0.dni,
        s1_0.activo,
        s1_0.email,
        s1_0.fecha_nacimiento,
        s1_0.nombre,
        s1_0.telefono 
    from
        asistencia a1_0 
    join
        socio s1_0 
            on s1_0.dni=a1_0.dni 
    where
        (
            a1_0.dni, a1_0.fecha_hora
        ) in ((?, ?))
Hibernate: 
    select
        a1_0.dni,
        a1_0.fecha_hora,
        a1_0.estado_asistencia,
        s1_0.dni,
        s1_0.activo,
        s1_0.email,
        s1_0.fecha_nacimiento,
        s1_0.nombre,
        s1_0.telefono 
    from
        asistencia a1_0 
    join
        socio s1_0 
            on s1_0.dni=a1_0.dni 
    where
        (
            a1_0.dni, a1_0.fecha_hora
        ) in ((?, ?))
Hibernate: 
    select
        a1_0.dni,
        a1_0.fecha_hora,
        a1_0.estado_asistencia,
        s1_0.dni,
        s1_0.activo,
        s1_0.email,
        s1_0.fecha_nacimiento,
        s1_0.nombre,
        s1_0.telefono 
    from
        asistencia a1_0 
    join
        socio s1_0 
            on s1_0.dni=a1_0.dni 
    where
        (
            a1_0.dni, a1_0.fecha_hora
        ) in ((?, ?))
Hibernate: 
    insert 
    into
        asistencia
        (estado_asistencia, dni, fecha_hora) 
    values
        (?, ?, ?)
Hibernate: 
    insert 
    into
        asistencia
        (estado_asistencia, dni, fecha_hora) 
    values
        (?, ?, ?)
Hibernate: 
    insert 
    into
        asistencia
        (estado_asistencia, dni, fecha_hora) 
    values
        (?, ?, ?)
Hibernate: 
    insert 
    into
        asistencia
        (estado_asistencia, dni, fecha_hora) 
    values
        (?, ?, ?)
Hibernate: 
    insert 
    into
        asistencia
        (estado_asistencia, dni, fecha_hora) 
    values
        (?, ?, ?)
Hibernate: 
    insert 
    into
        asistencia
        (estado_asistencia, dni, fecha_hora) 
    values
        (?, ?, ?)
Hibernate: 
    insert 
    into
        asistencia
        (estado_asistencia, dni, fecha_hora) 
    values
        (?, ?, ?)
Hibernate: 
    insert 
    into
        asistencia
        (estado_asistencia, dni, fecha_hora) 
    values
        (?, ?, ?)
Hibernate: 
    SELECT
        EXISTS (     SELECT
            1     
        FROM
            socio_membresia sm     
        WHERE
            sm.dni_socio = ?       
            AND sm.activo = true       
            AND sm.fecha_inicio <= CURRENT_DATE       
            AND (           sm.fecha_hasta IS NULL           
            OR sm.fecha_hasta >= CURRENT_DATE       ) )  
Hibernate: 
    SELECT
        EXISTS (     SELECT
            1     
        FROM
            socio_membresia sm     
        WHERE
            sm.dni_socio = ?       
            AND sm.activo = true       
            AND sm.fecha_hasta < CURRENT_DATE       
            AND sm.fecha_hasta >= CURRENT_DATE - ? ) 
Hibernate: 
    SELECT
        EXISTS (     SELECT
            1     
        FROM
            asistencia a     
        WHERE
            a.fecha_hora::date = CURRENT_DATE       
            AND a.dni = ? ) 
Hibernate: 
    SELECT
        *     
    FROM
        socio_membresia sm     
    WHERE
        sm.dni_socio = ?       
        AND sm.activo = true       
        AND CURRENT_DATE BETWEEN sm.fecha_inicio AND sm.fecha_hasta     
    ORDER BY
        sm.fecha_inicio DESC     
    LIMIT
        1 
Hibernate: 
    SELECT
        count(*) 
    FROM
        asistencia a 
    join
        socio_membresia sc 
            on sc.dni_socio = a.dni 
    where
        (
            sc.id_sm = ?
        ) 
        and (
            a.dni = ?
        ) 
        and (
            (
                a.fecha_hora <= sc.fecha_hasta
            ) 
            and (
                a.fecha_hora >= sc.fecha_inicio
            )
        )
Hibernate: 
    select
        count(*) 
    from
        socio s1_0 
    where
        s1_0.dni=?
Hibernate: 
    select
        s1_0.dni 
    from
        socio s1_0 
    where
        s1_0.email=? 
    fetch
        first ? rows only
Hibernate: 
    select
        s1_0.dni,
        s1_0.activo,
        s1_0.email,
        s1_0.fecha_nacimiento,
        s1_0.nombre,
        s1_0.telefono 
    from
        socio s1_0 
    where
        s1_0.dni=?
Hibernate: 
    insert 
    into
        socio
        (activo, email, fecha_nacimiento, nombre, telefono, dni) 
    values
        (?, ?, ?, ?, ?, ?)
Hibernate: 
    insert 
    into
        membresia
        (activo, asistencias_por_semana, duracion_dias, nombre, precio_sugerido, tipo_membresia) 
    values
        (?, ?, ?, ?, ?, ?) 
    returning id_membresia
Hibernate: 
    insert 
    into
        socio_membresia
        (activo, fecha_hasta, fecha_inicio, id_membresia, precio, dni_socio) 
    values
        (?, ?, ?, ?, ?, ?) 
    returning id_sm
Hibernate: 
    SELECT
        EXISTS (     SELECT
            1     
        FROM
            socio_membresia sm     
        WHERE
            sm.dni_socio = ?       
            AND sm.activo = true       
            AND sm.fecha_inicio <= CURRENT_DATE       
            AND (           sm.fecha_hasta IS NULL           
            OR sm.fecha_hasta >= CURRENT_DATE       ) )  
Hibernate: 
    SELECT
        EXISTS (     SELECT
            1     
        FROM
            socio_membresia sm     
        WHERE
            sm.dni_socio = ?       
            AND sm.activo = true       
            AND sm.fecha_hasta < CURRENT_DATE       
            AND sm.fecha_hasta >= CURRENT_DATE - ? ) 
Hibernate: 
    SELECT
        EXISTS (     SELECT
            1     
        FROM
            asistencia a     
        WHERE
            a.fecha_hora::date = CURRENT_DATE       
            AND a.dni = ? ) 
Hibernate: 
    SELECT
        *     
    FROM
        socio_membresia sm     
    WHERE
        sm.dni_socio = ?       
        AND sm.activo = true       
        AND CURRENT_DATE BETWEEN sm.fecha_inicio AND sm.fecha_hasta     
    ORDER BY
        sm.fecha_inicio DESC     
    LIMIT
        1 
Hibernate: 
    SELECT
        count(*) 
    FROM
        asistencia a 
    join
        socio_membresia sc 
            on sc.dni_socio = a.dni 
    where
        (
            sc.id_sm = ?
        ) 
        and (
            a.dni = ?
        ) 
        and (
            (
                a.fecha_hora <= sc.fecha_hasta
            ) 
            and (
                a.fecha_hora >= sc.fecha_inicio
            )
        )
Hibernate: 
    select
        a1_0.dni,
        a1_0.fecha_hora,
        a1_0.estado_asistencia,
        s1_0.dni,
        s1_0.activo,
        s1_0.email,
        s1_0.fecha_nacimiento,
        s1_0.nombre,
        s1_0.telefono 
    from
        asistencia a1_0 
    join
        socio s1_0 
            on s1_0.dni=a1_0.dni 
    where
        (
            a1_0.dni, a1_0.fecha_hora
        ) in ((?, ?))
[INFO] Tests run: 6, Failures: 0, Errors: 0, Skipped: 0, Time elapsed: 11.69 s -- in com.nexo.gestion.AsistenciaTest
[INFO] Running com.nexo.gestion.FinanzaTest
2026-02-25T20:34:08.071-03:00  INFO 19976 --- [           main] t.c.s.AnnotationConfigContextLoaderUtils : Could not detect default configuration classes for test class [com.nexo.gestion.FinanzaTest]: FinanzaTest does not declare any static, non-private, non-final, nested classes annotated with @Configuration.
2026-02-25T20:34:08.073-03:00  INFO 19976 --- [           main] .b.t.c.SpringBootTestContextBootstrapper : Found @SpringBootConfiguration com.nexo.gestion.GestionApplication for test class com.nexo.gestion.FinanzaTest
[INFO] Tests run: 1, Failures: 0, Errors: 0, Skipped: 0, Time elapsed: 0.009 s -- in com.nexo.gestion.FinanzaTest
[INFO] Running com.nexo.gestion.GestionApplicationTests
2026-02-25T20:34:08.082-03:00  INFO 19976 --- [           main] t.c.s.AnnotationConfigContextLoaderUtils : Could not detect default configuration classes for test class [com.nexo.gestion.GestionApplicationTests]: GestionApplicationTests does not declare any static, non-private, non-final, nested classes annotated with @Configuration.
2026-02-25T20:34:08.082-03:00  INFO 19976 --- [           main] .b.t.c.SpringBootTestContextBootstrapper : Found @SpringBootConfiguration com.nexo.gestion.GestionApplication for test class com.nexo.gestion.GestionApplicationTests
[INFO] Tests run: 1, Failures: 0, Errors: 0, Skipped: 0, Time elapsed: 0.007 s -- in com.nexo.gestion.GestionApplicationTests
[INFO] Running com.nexo.gestion.PagoTest
2026-02-25T20:34:08.093-03:00  INFO 19976 --- [           main] t.c.s.AnnotationConfigContextLoaderUtils : Could not detect default configuration classes for test class [com.nexo.gestion.PagoTest]: PagoTest does not declare any static, non-private, non-final, nested classes annotated with @Configuration.
2026-02-25T20:34:08.094-03:00  INFO 19976 --- [           main] .b.t.c.SpringBootTestContextBootstrapper : Found @SpringBootConfiguration com.nexo.gestion.GestionApplication for test class com.nexo.gestion.PagoTest
Hibernate: 
    select
        count(*) 
    from
        socio s1_0 
    where
        s1_0.dni=?
Hibernate: 
    select
        s1_0.dni 
    from
        socio s1_0 
    where
        s1_0.email=? 
    fetch
        first ? rows only
Hibernate: 
    select
        s1_0.dni,
        s1_0.activo,
        s1_0.email,
        s1_0.fecha_nacimiento,
        s1_0.nombre,
        s1_0.telefono 
    from
        socio s1_0 
    where
        s1_0.dni=?
Hibernate: 
    insert 
    into
        socio
        (activo, email, fecha_nacimiento, nombre, telefono, dni) 
    values
        (?, ?, ?, ?, ?, ?)
Hibernate: 
    insert 
    into
        membresia
        (activo, asistencias_por_semana, duracion_dias, nombre, precio_sugerido, tipo_membresia) 
    values
        (?, ?, ?, ?, ?, ?) 
    returning id_membresia
Hibernate: 
    select
        mp1_0.id_mediopago 
    from
        medio_pago mp1_0 
    where
        mp1_0.nombre=? 
    fetch
        first ? rows only
Hibernate: 
    insert 
    into
        medio_pago
        (nombre) 
    values
        (?) 
    returning id_mediopago
Hibernate: 
    select
        p1_0.id_puesto 
    from
        puesto p1_0 
    where
        p1_0.nombre=? 
    fetch
        first ? rows only
Hibernate: 
    insert 
    into
        puesto
        (nombre) 
    values
        (?) 
    returning id_puesto
Hibernate: 
    select
        count(*) 
    from
        empleado e1_0 
    where
        e1_0.dni=?
Hibernate: 
    select
        e1_0.dni,
        e1_0.activo,
        e1_0.email,
        e1_0.fecha_inicio,
        e1_0.fecha_nacimiento,
        e1_0.nombre,
        p1_0.id_puesto,
        p1_0.nombre,
        e1_0.telefono 
    from
        empleado e1_0 
    left join
        puesto p1_0 
            on p1_0.id_puesto=e1_0.id_puesto 
    where
        e1_0.dni=?
Hibernate: 
    insert 
    into
        empleado
        (activo, email, fecha_inicio, fecha_nacimiento, nombre, id_puesto, telefono, dni) 
    values
        (?, ?, ?, ?, ?, ?, ?, ?)
Hibernate: 
    insert 
    into
        pago
        (id_descuento, dni_empleado, estado, fecha, id_mediopago, monto, dni_socio) 
    values
        (?, ?, ?, ?, ?, ?, ?) 
    returning id_pago
Hibernate: 
    select
        max(sm1_0.fecha_hasta) 
    from
        socio_membresia sm1_0 
    where
        sm1_0.dni_socio=? 
        and sm1_0.activo=true 
        and sm1_0.fecha_hasta>=current_date
Hibernate: 
    SELECT
        COUNT(*) 
    FROM
        asistencia A 
    WHERE
        A.estado_asistencia = 'PENDIENTE' 
        and A.DNI = ? 
Hibernate: 
    insert 
    into
        socio_membresia
        (activo, fecha_hasta, fecha_inicio, id_membresia, precio, dni_socio) 
    values
        (?, ?, ?, ?, ?, ?) 
    returning id_sm
Hibernate: 
    select
        a1_0.dni,
        a1_0.fecha_hora,
        a1_0.estado_asistencia 
    from
        asistencia a1_0 
    where
        a1_0.dni=? 
        and a1_0.estado_asistencia='PENDIENTE' 
        and a1_0.fecha_hora between ? and ?
Hibernate: 
    select
        dp1_0.id_pago,
        dp1_0.numero,
        dp1_0.cantidad,
        p1_0.id_pago,
        d1_0.id_descuento,
        d1_0.activo,
        d1_0.nombre,
        d1_0.porcentaje,
        e1_0.dni,
        e1_0.activo,
        e1_0.email,
        e1_0.fecha_inicio,
        e1_0.fecha_nacimiento,
        e1_0.nombre,
        p2_0.id_puesto,
        p2_0.nombre,
        e1_0.telefono,
        p1_0.estado,
        p1_0.fecha,
        mp1_0.id_mediopago,
        mp1_0.nombre,
        p1_0.monto,
        s1_0.dni,
        s1_0.activo,
        s1_0.email,
        s1_0.fecha_nacimiento,
        s1_0.nombre,
        s1_0.telefono,
        dp1_0.precio_unitario,
        p3_0.id_producto,
        p3_0.activo,
        p3_0.nombre,
        p3_0.precio_sugerido,
        p3_0.stock,
        p3_0.version,
        sm1_0.id_sm,
        sm1_0.activo,
        sm1_0.fecha_hasta,
        sm1_0.fecha_inicio,
        m1_0.id_membresia,
        m1_0.activo,
        m1_0.asistencias_por_semana,
        m1_0.duracion_dias,
        m1_0.nombre,
        m1_0.precio_sugerido,
        m1_0.tipo_membresia,
        sm1_0.precio,
        s2_0.dni,
        s2_0.activo,
        s2_0.email,
        s2_0.fecha_nacimiento,
        s2_0.nombre,
        s2_0.telefono,
        dp1_0.subtotal 
    from
        detalle_pago dp1_0 
    join
        pago p1_0 
            on p1_0.id_pago=dp1_0.id_pago 
    left join
        public.descuento d1_0 
            on d1_0.id_descuento=p1_0.id_descuento 
    left join
        empleado e1_0 
            on e1_0.dni=p1_0.dni_empleado 
    left join
        puesto p2_0 
            on p2_0.id_puesto=e1_0.id_puesto 
    left join
        medio_pago mp1_0 
            on mp1_0.id_mediopago=p1_0.id_mediopago 
    left join
        socio s1_0 
            on s1_0.dni=p1_0.dni_socio 
    left join
        producto p3_0 
            on p3_0.id_producto=dp1_0.id_producto 
    left join
        socio_membresia sm1_0 
            on sm1_0.id_sm=dp1_0.id_sm 
    left join
        membresia m1_0 
            on m1_0.id_membresia=sm1_0.id_membresia 
    left join
        socio s2_0 
            on s2_0.dni=sm1_0.dni_socio 
    where
        (
            dp1_0.id_pago, dp1_0.numero
        ) in ((?, ?))
Hibernate: 
    insert 
    into
        detalle_pago
        (cantidad, precio_unitario, id_producto, id_sm, id_pago, numero) 
    values
        (?, ?, ?, ?, ?, ?)
Hibernate: 
    insert 
    into
        pago
        (id_descuento, dni_empleado, estado, fecha, id_mediopago, monto, dni_socio) 
    values
        (?, ?, ?, ?, ?, ?, ?) 
    returning id_pago
Hibernate: 
    select
        max(sm1_0.fecha_hasta) 
    from
        socio_membresia sm1_0 
    where
        sm1_0.dni_socio=? 
        and sm1_0.activo=true 
        and sm1_0.fecha_hasta>=current_date
Hibernate: 
    insert 
    into
        socio_membresia
        (activo, fecha_hasta, fecha_inicio, id_membresia, precio, dni_socio) 
    values
        (?, ?, ?, ?, ?, ?) 
    returning id_sm
Hibernate: 
    select
        a1_0.dni,
        a1_0.fecha_hora,
        a1_0.estado_asistencia 
    from
        asistencia a1_0 
    where
        a1_0.dni=? 
        and a1_0.estado_asistencia='PENDIENTE' 
        and a1_0.fecha_hora between ? and ?
Hibernate: 
    select
        dp1_0.id_pago,
        dp1_0.numero,
        dp1_0.cantidad,
        p1_0.id_pago,
        d1_0.id_descuento,
        d1_0.activo,
        d1_0.nombre,
        d1_0.porcentaje,
        e1_0.dni,
        e1_0.activo,
        e1_0.email,
        e1_0.fecha_inicio,
        e1_0.fecha_nacimiento,
        e1_0.nombre,
        p2_0.id_puesto,
        p2_0.nombre,
        e1_0.telefono,
        p1_0.estado,
        p1_0.fecha,
        mp1_0.id_mediopago,
        mp1_0.nombre,
        p1_0.monto,
        s1_0.dni,
        s1_0.activo,
        s1_0.email,
        s1_0.fecha_nacimiento,
        s1_0.nombre,
        s1_0.telefono,
        dp1_0.precio_unitario,
        p3_0.id_producto,
        p3_0.activo,
        p3_0.nombre,
        p3_0.precio_sugerido,
        p3_0.stock,
        p3_0.version,
        sm1_0.id_sm,
        sm1_0.activo,
        sm1_0.fecha_hasta,
        sm1_0.fecha_inicio,
        m1_0.id_membresia,
        m1_0.activo,
        m1_0.asistencias_por_semana,
        m1_0.duracion_dias,
        m1_0.nombre,
        m1_0.precio_sugerido,
        m1_0.tipo_membresia,
        sm1_0.precio,
        s2_0.dni,
        s2_0.activo,
        s2_0.email,
        s2_0.fecha_nacimiento,
        s2_0.nombre,
        s2_0.telefono,
        dp1_0.subtotal 
    from
        detalle_pago dp1_0 
    join
        pago p1_0 
            on p1_0.id_pago=dp1_0.id_pago 
    left join
        public.descuento d1_0 
            on d1_0.id_descuento=p1_0.id_descuento 
    left join
        empleado e1_0 
            on e1_0.dni=p1_0.dni_empleado 
    left join
        puesto p2_0 
            on p2_0.id_puesto=e1_0.id_puesto 
    left join
        medio_pago mp1_0 
            on mp1_0.id_mediopago=p1_0.id_mediopago 
    left join
        socio s1_0 
            on s1_0.dni=p1_0.dni_socio 
    left join
        producto p3_0 
            on p3_0.id_producto=dp1_0.id_producto 
    left join
        socio_membresia sm1_0 
            on sm1_0.id_sm=dp1_0.id_sm 
    left join
        membresia m1_0 
            on m1_0.id_membresia=sm1_0.id_membresia 
    left join
        socio s2_0 
            on s2_0.dni=sm1_0.dni_socio 
    where
        (
            dp1_0.id_pago, dp1_0.numero
        ) in ((?, ?))
Hibernate: 
    insert 
    into
        detalle_pago
        (cantidad, precio_unitario, id_producto, id_sm, id_pago, numero) 
    values
        (?, ?, ?, ?, ?, ?)
Hibernate: 
    insert 
    into
        pago
        (id_descuento, dni_empleado, estado, fecha, id_mediopago, monto, dni_socio) 
    values
        (?, ?, ?, ?, ?, ?, ?) 
    returning id_pago
Hibernate: 
    select
        max(sm1_0.fecha_hasta) 
    from
        socio_membresia sm1_0 
    where
        sm1_0.dni_socio=? 
        and sm1_0.activo=true 
        and sm1_0.fecha_hasta>=current_date
Hibernate: 
    insert 
    into
        socio_membresia
        (activo, fecha_hasta, fecha_inicio, id_membresia, precio, dni_socio) 
    values
        (?, ?, ?, ?, ?, ?) 
    returning id_sm
Hibernate: 
    select
        a1_0.dni,
        a1_0.fecha_hora,
        a1_0.estado_asistencia 
    from
        asistencia a1_0 
    where
        a1_0.dni=? 
        and a1_0.estado_asistencia='PENDIENTE' 
        and a1_0.fecha_hora between ? and ?
Hibernate: 
    select
        dp1_0.id_pago,
        dp1_0.numero,
        dp1_0.cantidad,
        p1_0.id_pago,
        d1_0.id_descuento,
        d1_0.activo,
        d1_0.nombre,
        d1_0.porcentaje,
        e1_0.dni,
        e1_0.activo,
        e1_0.email,
        e1_0.fecha_inicio,
        e1_0.fecha_nacimiento,
        e1_0.nombre,
        p2_0.id_puesto,
        p2_0.nombre,
        e1_0.telefono,
        p1_0.estado,
        p1_0.fecha,
        mp1_0.id_mediopago,
        mp1_0.nombre,
        p1_0.monto,
        s1_0.dni,
        s1_0.activo,
        s1_0.email,
        s1_0.fecha_nacimiento,
        s1_0.nombre,
        s1_0.telefono,
        dp1_0.precio_unitario,
        p3_0.id_producto,
        p3_0.activo,
        p3_0.nombre,
        p3_0.precio_sugerido,
        p3_0.stock,
        p3_0.version,
        sm1_0.id_sm,
        sm1_0.activo,
        sm1_0.fecha_hasta,
        sm1_0.fecha_inicio,
        m1_0.id_membresia,
        m1_0.activo,
        m1_0.asistencias_por_semana,
        m1_0.duracion_dias,
        m1_0.nombre,
        m1_0.precio_sugerido,
        m1_0.tipo_membresia,
        sm1_0.precio,
        s2_0.dni,
        s2_0.activo,
        s2_0.email,
        s2_0.fecha_nacimiento,
        s2_0.nombre,
        s2_0.telefono,
        dp1_0.subtotal 
    from
        detalle_pago dp1_0 
    join
        pago p1_0 
            on p1_0.id_pago=dp1_0.id_pago 
    left join
        public.descuento d1_0 
            on d1_0.id_descuento=p1_0.id_descuento 
    left join
        empleado e1_0 
            on e1_0.dni=p1_0.dni_empleado 
    left join
        puesto p2_0 
            on p2_0.id_puesto=e1_0.id_puesto 
    left join
        medio_pago mp1_0 
            on mp1_0.id_mediopago=p1_0.id_mediopago 
    left join
        socio s1_0 
            on s1_0.dni=p1_0.dni_socio 
    left join
        producto p3_0 
            on p3_0.id_producto=dp1_0.id_producto 
    left join
        socio_membresia sm1_0 
            on sm1_0.id_sm=dp1_0.id_sm 
    left join
        membresia m1_0 
            on m1_0.id_membresia=sm1_0.id_membresia 
    left join
        socio s2_0 
            on s2_0.dni=sm1_0.dni_socio 
    where
        (
            dp1_0.id_pago, dp1_0.numero
        ) in ((?, ?))
Hibernate: 
    select
        sm1_0.id_sm,
        sm1_0.activo,
        sm1_0.fecha_hasta,
        sm1_0.fecha_inicio,
        sm1_0.id_membresia,
        sm1_0.precio,
        sm1_0.dni_socio 
    from
        socio_membresia sm1_0 
    where
        sm1_0.dni_socio=? 
    order by
        sm1_0.fecha_inicio
Hibernate: 
    select
        count(*) 
    from
        socio s1_0 
    where
        s1_0.dni=?
Hibernate: 
    select
        s1_0.dni 
    from
        socio s1_0 
    where
        s1_0.email=? 
    fetch
        first ? rows only
Hibernate: 
    select
        s1_0.dni,
        s1_0.activo,
        s1_0.email,
        s1_0.fecha_nacimiento,
        s1_0.nombre,
        s1_0.telefono 
    from
        socio s1_0 
    where
        s1_0.dni=?
Hibernate: 
    insert 
    into
        socio
        (activo, email, fecha_nacimiento, nombre, telefono, dni) 
    values
        (?, ?, ?, ?, ?, ?)
Hibernate: 
    insert 
    into
        membresia
        (activo, asistencias_por_semana, duracion_dias, nombre, precio_sugerido, tipo_membresia) 
    values
        (?, ?, ?, ?, ?, ?) 
    returning id_membresia
Hibernate: 
    select
        mp1_0.id_mediopago 
    from
        medio_pago mp1_0 
    where
        mp1_0.nombre=? 
    fetch
        first ? rows only
Hibernate: 
    insert 
    into
        medio_pago
        (nombre) 
    values
        (?) 
    returning id_mediopago
Hibernate: 
    select
        p1_0.id_puesto 
    from
        puesto p1_0 
    where
        p1_0.nombre=? 
    fetch
        first ? rows only
Hibernate: 
    insert 
    into
        puesto
        (nombre) 
    values
        (?) 
    returning id_puesto
Hibernate: 
    select
        count(*) 
    from
        empleado e1_0 
    where
        e1_0.dni=?
Hibernate: 
    select
        e1_0.dni,
        e1_0.activo,
        e1_0.email,
        e1_0.fecha_inicio,
        e1_0.fecha_nacimiento,
        e1_0.nombre,
        p1_0.id_puesto,
        p1_0.nombre,
        e1_0.telefono 
    from
        empleado e1_0 
    left join
        puesto p1_0 
            on p1_0.id_puesto=e1_0.id_puesto 
    where
        e1_0.dni=?
Hibernate: 
    insert 
    into
        empleado
        (activo, email, fecha_inicio, fecha_nacimiento, nombre, id_puesto, telefono, dni) 
    values
        (?, ?, ?, ?, ?, ?, ?, ?)
Hibernate: 
    insert 
    into
        pago
        (id_descuento, dni_empleado, estado, fecha, id_mediopago, monto, dni_socio) 
    values
        (?, ?, ?, ?, ?, ?, ?) 
    returning id_pago
Hibernate: 
    select
        max(sm1_0.fecha_hasta) 
    from
        socio_membresia sm1_0 
    where
        sm1_0.dni_socio=? 
        and sm1_0.activo=true 
        and sm1_0.fecha_hasta>=current_date
Hibernate: 
    SELECT
        COUNT(*) 
    FROM
        asistencia A 
    WHERE
        A.estado_asistencia = 'PENDIENTE' 
        and A.DNI = ? 
Hibernate: 
    insert 
    into
        socio_membresia
        (activo, fecha_hasta, fecha_inicio, id_membresia, precio, dni_socio) 
    values
        (?, ?, ?, ?, ?, ?) 
    returning id_sm
Hibernate: 
    select
        a1_0.dni,
        a1_0.fecha_hora,
        a1_0.estado_asistencia 
    from
        asistencia a1_0 
    where
        a1_0.dni=? 
        and a1_0.estado_asistencia='PENDIENTE' 
        and a1_0.fecha_hora between ? and ?
Hibernate: 
    select
        dp1_0.id_pago,
        dp1_0.numero,
        dp1_0.cantidad,
        p1_0.id_pago,
        d1_0.id_descuento,
        d1_0.activo,
        d1_0.nombre,
        d1_0.porcentaje,
        e1_0.dni,
        e1_0.activo,
        e1_0.email,
        e1_0.fecha_inicio,
        e1_0.fecha_nacimiento,
        e1_0.nombre,
        p2_0.id_puesto,
        p2_0.nombre,
        e1_0.telefono,
        p1_0.estado,
        p1_0.fecha,
        mp1_0.id_mediopago,
        mp1_0.nombre,
        p1_0.monto,
        s1_0.dni,
        s1_0.activo,
        s1_0.email,
        s1_0.fecha_nacimiento,
        s1_0.nombre,
        s1_0.telefono,
        dp1_0.precio_unitario,
        p3_0.id_producto,
        p3_0.activo,
        p3_0.nombre,
        p3_0.precio_sugerido,
        p3_0.stock,
        p3_0.version,
        sm1_0.id_sm,
        sm1_0.activo,
        sm1_0.fecha_hasta,
        sm1_0.fecha_inicio,
        m1_0.id_membresia,
        m1_0.activo,
        m1_0.asistencias_por_semana,
        m1_0.duracion_dias,
        m1_0.nombre,
        m1_0.precio_sugerido,
        m1_0.tipo_membresia,
        sm1_0.precio,
        s2_0.dni,
        s2_0.activo,
        s2_0.email,
        s2_0.fecha_nacimiento,
        s2_0.nombre,
        s2_0.telefono,
        dp1_0.subtotal 
    from
        detalle_pago dp1_0 
    join
        pago p1_0 
            on p1_0.id_pago=dp1_0.id_pago 
    left join
        public.descuento d1_0 
            on d1_0.id_descuento=p1_0.id_descuento 
    left join
        empleado e1_0 
            on e1_0.dni=p1_0.dni_empleado 
    left join
        puesto p2_0 
            on p2_0.id_puesto=e1_0.id_puesto 
    left join
        medio_pago mp1_0 
            on mp1_0.id_mediopago=p1_0.id_mediopago 
    left join
        socio s1_0 
            on s1_0.dni=p1_0.dni_socio 
    left join
        producto p3_0 
            on p3_0.id_producto=dp1_0.id_producto 
    left join
        socio_membresia sm1_0 
            on sm1_0.id_sm=dp1_0.id_sm 
    left join
        membresia m1_0 
            on m1_0.id_membresia=sm1_0.id_membresia 
    left join
        socio s2_0 
            on s2_0.dni=sm1_0.dni_socio 
    where
        (
            dp1_0.id_pago, dp1_0.numero
        ) in ((?, ?))
Hibernate: 
    select
        sm1_0.id_sm,
        sm1_0.activo,
        sm1_0.fecha_hasta,
        sm1_0.fecha_inicio,
        sm1_0.id_membresia,
        sm1_0.precio,
        sm1_0.dni_socio 
    from
        socio_membresia sm1_0 
    where
        sm1_0.dni_socio=? 
    order by
        sm1_0.fecha_inicio
Hibernate: 
    insert 
    into
        detalle_pago
        (cantidad, precio_unitario, id_producto, id_sm, id_pago, numero) 
    values
        (?, ?, ?, ?, ?, ?)
Hibernate: 
    update
        pago 
    set
        id_descuento=?,
        dni_empleado=?,
        estado=?,
        fecha=?,
        id_mediopago=?,
        monto=?,
        dni_socio=? 
    where
        id_pago=?
Hibernate: 
    update
        socio_membresia 
    set
        activo=?,
        fecha_hasta=?,
        fecha_inicio=?,
        id_membresia=?,
        precio=?,
        dni_socio=? 
    where
        id_sm=?
Hibernate: 
    select
        s1_0.dni,
        s1_0.activo,
        s1_0.email,
        s1_0.fecha_nacimiento,
        s1_0.nombre,
        s1_0.telefono 
    from
        socio s1_0 
    where
        s1_0.dni=?
Hibernate: 
    select
        e1_0.dni,
        e1_0.activo,
        e1_0.email,
        e1_0.fecha_inicio,
        e1_0.fecha_nacimiento,
        e1_0.nombre,
        p1_0.id_puesto,
        p1_0.nombre,
        e1_0.telefono 
    from
        empleado e1_0 
    left join
        puesto p1_0 
            on p1_0.id_puesto=e1_0.id_puesto 
    where
        e1_0.dni=?
Hibernate: 
    select
        mp1_0.id_mediopago,
        mp1_0.nombre 
    from
        medio_pago mp1_0 
    where
        mp1_0.id_mediopago=?
Hibernate: 
    insert 
    into
        pago
        (id_descuento, dni_empleado, estado, fecha, id_mediopago, monto, dni_socio) 
    values
        (?, ?, ?, ?, ?, ?, ?) 
    returning id_pago
Hibernate: 
    select
        m1_0.id_membresia,
        m1_0.activo,
        m1_0.asistencias_por_semana,
        m1_0.duracion_dias,
        m1_0.nombre,
        m1_0.precio_sugerido,
        m1_0.tipo_membresia 
    from
        membresia m1_0 
    where
        m1_0.id_membresia=?
Hibernate: 
    select
        max(sm1_0.fecha_hasta) 
    from
        socio_membresia sm1_0 
    where
        sm1_0.dni_socio=? 
        and sm1_0.activo=true 
        and sm1_0.fecha_hasta>=current_date
Hibernate: 
    insert 
    into
        socio_membresia
        (activo, fecha_hasta, fecha_inicio, id_membresia, precio, dni_socio) 
    values
        (?, ?, ?, ?, ?, ?) 
    returning id_sm
Hibernate: 
    select
        a1_0.dni,
        a1_0.fecha_hora,
        a1_0.estado_asistencia 
    from
        asistencia a1_0 
    where
        a1_0.dni=? 
        and a1_0.estado_asistencia='PENDIENTE' 
        and a1_0.fecha_hora between ? and ?
Hibernate: 
    select
        dp1_0.id_pago,
        dp1_0.numero,
        dp1_0.cantidad,
        p1_0.id_pago,
        d1_0.id_descuento,
        d1_0.activo,
        d1_0.nombre,
        d1_0.porcentaje,
        e1_0.dni,
        e1_0.activo,
        e1_0.email,
        e1_0.fecha_inicio,
        e1_0.fecha_nacimiento,
        e1_0.nombre,
        p2_0.id_puesto,
        p2_0.nombre,
        e1_0.telefono,
        p1_0.estado,
        p1_0.fecha,
        mp1_0.id_mediopago,
        mp1_0.nombre,
        p1_0.monto,
        s1_0.dni,
        s1_0.activo,
        s1_0.email,
        s1_0.fecha_nacimiento,
        s1_0.nombre,
        s1_0.telefono,
        dp1_0.precio_unitario,
        p3_0.id_producto,
        p3_0.activo,
        p3_0.nombre,
        p3_0.precio_sugerido,
        p3_0.stock,
        p3_0.version,
        sm1_0.id_sm,
        sm1_0.activo,
        sm1_0.fecha_hasta,
        sm1_0.fecha_inicio,
        m1_0.id_membresia,
        m1_0.activo,
        m1_0.asistencias_por_semana,
        m1_0.duracion_dias,
        m1_0.nombre,
        m1_0.precio_sugerido,
        m1_0.tipo_membresia,
        sm1_0.precio,
        s2_0.dni,
        s2_0.activo,
        s2_0.email,
        s2_0.fecha_nacimiento,
        s2_0.nombre,
        s2_0.telefono,
        dp1_0.subtotal 
    from
        detalle_pago dp1_0 
    join
        pago p1_0 
            on p1_0.id_pago=dp1_0.id_pago 
    left join
        public.descuento d1_0 
            on d1_0.id_descuento=p1_0.id_descuento 
    left join
        empleado e1_0 
            on e1_0.dni=p1_0.dni_empleado 
    left join
        puesto p2_0 
            on p2_0.id_puesto=e1_0.id_puesto 
    left join
        medio_pago mp1_0 
            on mp1_0.id_mediopago=p1_0.id_mediopago 
    left join
        socio s1_0 
            on s1_0.dni=p1_0.dni_socio 
    left join
        producto p3_0 
            on p3_0.id_producto=dp1_0.id_producto 
    left join
        socio_membresia sm1_0 
            on sm1_0.id_sm=dp1_0.id_sm 
    left join
        membresia m1_0 
            on m1_0.id_membresia=sm1_0.id_membresia 
    left join
        socio s2_0 
            on s2_0.dni=sm1_0.dni_socio 
    where
        (
            dp1_0.id_pago, dp1_0.numero
        ) in ((?, ?))
Hibernate: 
    select
        sm1_0.id_sm,
        sm1_0.activo,
        sm1_0.fecha_hasta,
        sm1_0.fecha_inicio,
        sm1_0.id_membresia,
        sm1_0.precio,
        sm1_0.dni_socio 
    from
        socio_membresia sm1_0 
    where
        sm1_0.dni_socio=? 
    order by
        sm1_0.fecha_inicio
Hibernate: 
    select
        count(*) 
    from
        socio s1_0 
    where
        s1_0.dni=?
Hibernate: 
    select
        s1_0.dni 
    from
        socio s1_0 
    where
        s1_0.email=? 
    fetch
        first ? rows only
Hibernate: 
    select
        s1_0.dni,
        s1_0.activo,
        s1_0.email,
        s1_0.fecha_nacimiento,
        s1_0.nombre,
        s1_0.telefono 
    from
        socio s1_0 
    where
        s1_0.dni=?
Hibernate: 
    select
        a1_0.dni,
        a1_0.fecha_hora,
        a1_0.estado_asistencia,
        s1_0.dni,
        s1_0.activo,
        s1_0.email,
        s1_0.fecha_nacimiento,
        s1_0.nombre,
        s1_0.telefono 
    from
        asistencia a1_0 
    join
        socio s1_0 
            on s1_0.dni=a1_0.dni 
    where
        (
            a1_0.dni, a1_0.fecha_hora
        ) in ((?, ?))
Hibernate: 
    insert 
    into
        socio
        (activo, email, fecha_nacimiento, nombre, telefono, dni) 
    values
        (?, ?, ?, ?, ?, ?)
Hibernate: 
    insert 
    into
        asistencia
        (estado_asistencia, dni, fecha_hora) 
    values
        (?, ?, ?)
Hibernate: 
    select
        a1_0.dni,
        a1_0.fecha_hora,
        a1_0.estado_asistencia,
        s1_0.dni,
        s1_0.activo,
        s1_0.email,
        s1_0.fecha_nacimiento,
        s1_0.nombre,
        s1_0.telefono 
    from
        asistencia a1_0 
    join
        socio s1_0 
            on s1_0.dni=a1_0.dni 
    where
        (
            a1_0.dni, a1_0.fecha_hora
        ) in ((?, ?))
Hibernate: 
    insert 
    into
        asistencia
        (estado_asistencia, dni, fecha_hora) 
    values
        (?, ?, ?)
Hibernate: 
    insert 
    into
        membresia
        (activo, asistencias_por_semana, duracion_dias, nombre, precio_sugerido, tipo_membresia) 
    values
        (?, ?, ?, ?, ?, ?) 
    returning id_membresia
Hibernate: 
    select
        mp1_0.id_mediopago 
    from
        medio_pago mp1_0 
    where
        mp1_0.nombre=? 
    fetch
        first ? rows only
Hibernate: 
    insert 
    into
        medio_pago
        (nombre) 
    values
        (?) 
    returning id_mediopago
Hibernate: 
    select
        p1_0.id_puesto 
    from
        puesto p1_0 
    where
        p1_0.nombre=? 
    fetch
        first ? rows only
Hibernate: 
    insert 
    into
        puesto
        (nombre) 
    values
        (?) 
    returning id_puesto
Hibernate: 
    select
        count(*) 
    from
        empleado e1_0 
    where
        e1_0.dni=?
Hibernate: 
    select
        e1_0.dni,
        e1_0.activo,
        e1_0.email,
        e1_0.fecha_inicio,
        e1_0.fecha_nacimiento,
        e1_0.nombre,
        p1_0.id_puesto,
        p1_0.nombre,
        e1_0.telefono 
    from
        empleado e1_0 
    left join
        puesto p1_0 
            on p1_0.id_puesto=e1_0.id_puesto 
    where
        e1_0.dni=?
Hibernate: 
    insert 
    into
        empleado
        (activo, email, fecha_inicio, fecha_nacimiento, nombre, id_puesto, telefono, dni) 
    values
        (?, ?, ?, ?, ?, ?, ?, ?)
Hibernate: 
    insert 
    into
        pago
        (id_descuento, dni_empleado, estado, fecha, id_mediopago, monto, dni_socio) 
    values
        (?, ?, ?, ?, ?, ?, ?) 
    returning id_pago
Hibernate: 
    select
        max(sm1_0.fecha_hasta) 
    from
        socio_membresia sm1_0 
    where
        sm1_0.dni_socio=? 
        and sm1_0.activo=true 
        and sm1_0.fecha_hasta>=current_date
Hibernate: 
    SELECT
        COUNT(*) 
    FROM
        asistencia A 
    WHERE
        A.estado_asistencia = 'PENDIENTE' 
        and A.DNI = ? 
Hibernate: 
    SELECT
        a.fecha_hora 
    FROM
        asistencia a 
    WHERE
        a.estado_asistencia = 'PENDIENTE'   
        AND a.dni = ?   
        AND a.fecha_hora >= CAST(? AS DATE) 
    ORDER BY
        a.fecha_hora ASC 
    LIMIT
        1 
Hibernate: 
    insert 
    into
        socio_membresia
        (activo, fecha_hasta, fecha_inicio, id_membresia, precio, dni_socio) 
    values
        (?, ?, ?, ?, ?, ?) 
    returning id_sm
Hibernate: 
    select
        a1_0.dni,
        a1_0.fecha_hora,
        a1_0.estado_asistencia 
    from
        asistencia a1_0 
    where
        a1_0.dni=? 
        and a1_0.estado_asistencia='PENDIENTE' 
        and a1_0.fecha_hora between ? and ?
Hibernate: 
    select
        dp1_0.id_pago,
        dp1_0.numero,
        dp1_0.cantidad,
        p1_0.id_pago,
        d1_0.id_descuento,
        d1_0.activo,
        d1_0.nombre,
        d1_0.porcentaje,
        e1_0.dni,
        e1_0.activo,
        e1_0.email,
        e1_0.fecha_inicio,
        e1_0.fecha_nacimiento,
        e1_0.nombre,
        p2_0.id_puesto,
        p2_0.nombre,
        e1_0.telefono,
        p1_0.estado,
        p1_0.fecha,
        mp1_0.id_mediopago,
        mp1_0.nombre,
        p1_0.monto,
        s1_0.dni,
        s1_0.activo,
        s1_0.email,
        s1_0.fecha_nacimiento,
        s1_0.nombre,
        s1_0.telefono,
        dp1_0.precio_unitario,
        p3_0.id_producto,
        p3_0.activo,
        p3_0.nombre,
        p3_0.precio_sugerido,
        p3_0.stock,
        p3_0.version,
        sm1_0.id_sm,
        sm1_0.activo,
        sm1_0.fecha_hasta,
        sm1_0.fecha_inicio,
        m1_0.id_membresia,
        m1_0.activo,
        m1_0.asistencias_por_semana,
        m1_0.duracion_dias,
        m1_0.nombre,
        m1_0.precio_sugerido,
        m1_0.tipo_membresia,
        sm1_0.precio,
        s2_0.dni,
        s2_0.activo,
        s2_0.email,
        s2_0.fecha_nacimiento,
        s2_0.nombre,
        s2_0.telefono,
        dp1_0.subtotal 
    from
        detalle_pago dp1_0 
    join
        pago p1_0 
            on p1_0.id_pago=dp1_0.id_pago 
    left join
        public.descuento d1_0 
            on d1_0.id_descuento=p1_0.id_descuento 
    left join
        empleado e1_0 
            on e1_0.dni=p1_0.dni_empleado 
    left join
        puesto p2_0 
            on p2_0.id_puesto=e1_0.id_puesto 
    left join
        medio_pago mp1_0 
            on mp1_0.id_mediopago=p1_0.id_mediopago 
    left join
        socio s1_0 
            on s1_0.dni=p1_0.dni_socio 
    left join
        producto p3_0 
            on p3_0.id_producto=dp1_0.id_producto 
    left join
        socio_membresia sm1_0 
            on sm1_0.id_sm=dp1_0.id_sm 
    left join
        membresia m1_0 
            on m1_0.id_membresia=sm1_0.id_membresia 
    left join
        socio s2_0 
            on s2_0.dni=sm1_0.dni_socio 
    where
        (
            dp1_0.id_pago, dp1_0.numero
        ) in ((?, ?))
Hibernate: 
    insert 
    into
        detalle_pago
        (cantidad, precio_unitario, id_producto, id_sm, id_pago, numero) 
    values
        (?, ?, ?, ?, ?, ?)
Hibernate: 
    update
        asistencia 
    set
        estado_asistencia=? 
    where
        dni=? 
        and fecha_hora=?
Hibernate: 
    update
        pago 
    set
        id_descuento=?,
        dni_empleado=?,
        estado=?,
        fecha=?,
        id_mediopago=?,
        monto=?,
        dni_socio=? 
    where
        id_pago=?
Hibernate: 
    SELECT
        *     
    FROM
        socio_membresia sm     
    WHERE
        sm.dni_socio = ?       
        AND sm.activo = true       
        AND CURRENT_DATE BETWEEN sm.fecha_inicio AND sm.fecha_hasta     
    ORDER BY
        sm.fecha_inicio DESC     
    LIMIT
        1 
Hibernate: 
    SELECT
        COUNT(*) 
    FROM
        asistencia A 
    WHERE
        A.estado_asistencia = 'PENDIENTE' 
        and A.DNI = ? 
Hibernate: 
    select
        count(*) 
    from
        socio s1_0 
    where
        s1_0.dni=?
Hibernate: 
    select
        s1_0.dni 
    from
        socio s1_0 
    where
        s1_0.email=? 
    fetch
        first ? rows only
Hibernate: 
    select
        s1_0.dni,
        s1_0.activo,
        s1_0.email,
        s1_0.fecha_nacimiento,
        s1_0.nombre,
        s1_0.telefono 
    from
        socio s1_0 
    where
        s1_0.dni=?
Hibernate: 
    select
        a1_0.dni,
        a1_0.fecha_hora,
        a1_0.estado_asistencia,
        s1_0.dni,
        s1_0.activo,
        s1_0.email,
        s1_0.fecha_nacimiento,
        s1_0.nombre,
        s1_0.telefono 
    from
        asistencia a1_0 
    join
        socio s1_0 
            on s1_0.dni=a1_0.dni 
    where
        (
            a1_0.dni, a1_0.fecha_hora
        ) in ((?, ?))
Hibernate: 
    insert 
    into
        socio
        (activo, email, fecha_nacimiento, nombre, telefono, dni) 
    values
        (?, ?, ?, ?, ?, ?)
Hibernate: 
    insert 
    into
        asistencia
        (estado_asistencia, dni, fecha_hora) 
    values
        (?, ?, ?)
Hibernate: 
    insert 
    into
        membresia
        (activo, asistencias_por_semana, duracion_dias, nombre, precio_sugerido, tipo_membresia) 
    values
        (?, ?, ?, ?, ?, ?) 
    returning id_membresia
Hibernate: 
    select
        mp1_0.id_mediopago 
    from
        medio_pago mp1_0 
    where
        mp1_0.nombre=? 
    fetch
        first ? rows only
Hibernate: 
    insert 
    into
        medio_pago
        (nombre) 
    values
        (?) 
    returning id_mediopago
Hibernate: 
    select
        p1_0.id_puesto 
    from
        puesto p1_0 
    where
        p1_0.nombre=? 
    fetch
        first ? rows only
Hibernate: 
    insert 
    into
        puesto
        (nombre) 
    values
        (?) 
    returning id_puesto
Hibernate: 
    select
        count(*) 
    from
        empleado e1_0 
    where
        e1_0.dni=?
Hibernate: 
    select
        e1_0.dni,
        e1_0.activo,
        e1_0.email,
        e1_0.fecha_inicio,
        e1_0.fecha_nacimiento,
        e1_0.nombre,
        p1_0.id_puesto,
        p1_0.nombre,
        e1_0.telefono 
    from
        empleado e1_0 
    left join
        puesto p1_0 
            on p1_0.id_puesto=e1_0.id_puesto 
    where
        e1_0.dni=?
Hibernate: 
    insert 
    into
        empleado
        (activo, email, fecha_inicio, fecha_nacimiento, nombre, id_puesto, telefono, dni) 
    values
        (?, ?, ?, ?, ?, ?, ?, ?)
Hibernate: 
    insert 
    into
        pago
        (id_descuento, dni_empleado, estado, fecha, id_mediopago, monto, dni_socio) 
    values
        (?, ?, ?, ?, ?, ?, ?) 
    returning id_pago
Hibernate: 
    select
        max(sm1_0.fecha_hasta) 
    from
        socio_membresia sm1_0 
    where
        sm1_0.dni_socio=? 
        and sm1_0.activo=true 
        and sm1_0.fecha_hasta>=current_date
Hibernate: 
    insert 
    into
        socio_membresia
        (activo, fecha_hasta, fecha_inicio, id_membresia, precio, dni_socio) 
    values
        (?, ?, ?, ?, ?, ?) 
    returning id_sm
Hibernate: 
    select
        a1_0.dni,
        a1_0.fecha_hora,
        a1_0.estado_asistencia 
    from
        asistencia a1_0 
    where
        a1_0.dni=? 
        and a1_0.estado_asistencia='PENDIENTE' 
        and a1_0.fecha_hora between ? and ?
Hibernate: 
    select
        dp1_0.id_pago,
        dp1_0.numero,
        dp1_0.cantidad,
        p1_0.id_pago,
        d1_0.id_descuento,
        d1_0.activo,
        d1_0.nombre,
        d1_0.porcentaje,
        e1_0.dni,
        e1_0.activo,
        e1_0.email,
        e1_0.fecha_inicio,
        e1_0.fecha_nacimiento,
        e1_0.nombre,
        p2_0.id_puesto,
        p2_0.nombre,
        e1_0.telefono,
        p1_0.estado,
        p1_0.fecha,
        mp1_0.id_mediopago,
        mp1_0.nombre,
        p1_0.monto,
        s1_0.dni,
        s1_0.activo,
        s1_0.email,
        s1_0.fecha_nacimiento,
        s1_0.nombre,
        s1_0.telefono,
        dp1_0.precio_unitario,
        p3_0.id_producto,
        p3_0.activo,
        p3_0.nombre,
        p3_0.precio_sugerido,
        p3_0.stock,
        p3_0.version,
        sm1_0.id_sm,
        sm1_0.activo,
        sm1_0.fecha_hasta,
        sm1_0.fecha_inicio,
        m1_0.id_membresia,
        m1_0.activo,
        m1_0.asistencias_por_semana,
        m1_0.duracion_dias,
        m1_0.nombre,
        m1_0.precio_sugerido,
        m1_0.tipo_membresia,
        sm1_0.precio,
        s2_0.dni,
        s2_0.activo,
        s2_0.email,
        s2_0.fecha_nacimiento,
        s2_0.nombre,
        s2_0.telefono,
        dp1_0.subtotal 
    from
        detalle_pago dp1_0 
    join
        pago p1_0 
            on p1_0.id_pago=dp1_0.id_pago 
    left join
        public.descuento d1_0 
            on d1_0.id_descuento=p1_0.id_descuento 
    left join
        empleado e1_0 
            on e1_0.dni=p1_0.dni_empleado 
    left join
        puesto p2_0 
            on p2_0.id_puesto=e1_0.id_puesto 
    left join
        medio_pago mp1_0 
            on mp1_0.id_mediopago=p1_0.id_mediopago 
    left join
        socio s1_0 
            on s1_0.dni=p1_0.dni_socio 
    left join
        producto p3_0 
            on p3_0.id_producto=dp1_0.id_producto 
    left join
        socio_membresia sm1_0 
            on sm1_0.id_sm=dp1_0.id_sm 
    left join
        membresia m1_0 
            on m1_0.id_membresia=sm1_0.id_membresia 
    left join
        socio s2_0 
            on s2_0.dni=sm1_0.dni_socio 
    where
        (
            dp1_0.id_pago, dp1_0.numero
        ) in ((?, ?))
Hibernate: 
    select
        sm1_0.id_sm,
        sm1_0.activo,
        sm1_0.fecha_hasta,
        sm1_0.fecha_inicio,
        sm1_0.id_membresia,
        sm1_0.precio,
        sm1_0.dni_socio 
    from
        socio_membresia sm1_0 
    where
        sm1_0.dni_socio=? 
    order by
        sm1_0.fecha_inicio
Hibernate: 
    insert 
    into
        detalle_pago
        (cantidad, precio_unitario, id_producto, id_sm, id_pago, numero) 
    values
        (?, ?, ?, ?, ?, ?)
Hibernate: 
    update
        asistencia 
    set
        estado_asistencia=? 
    where
        dni=? 
        and fecha_hora=?
Hibernate: 
    update
        pago 
    set
        id_descuento=?,
        dni_empleado=?,
        estado=?,
        fecha=?,
        id_mediopago=?,
        monto=?,
        dni_socio=? 
    where
        id_pago=?
Hibernate: 
    SELECT
        COUNT(*) 
    FROM
        asistencia A 
    WHERE
        A.estado_asistencia = 'PENDIENTE' 
        and A.DNI = ? 
Hibernate: 
    select
        count(*) 
    from
        socio s1_0 
    where
        s1_0.dni=?
Hibernate: 
    select
        s1_0.dni 
    from
        socio s1_0 
    where
        s1_0.email=? 
    fetch
        first ? rows only
Hibernate: 
    select
        s1_0.dni,
        s1_0.activo,
        s1_0.email,
        s1_0.fecha_nacimiento,
        s1_0.nombre,
        s1_0.telefono 
    from
        socio s1_0 
    where
        s1_0.dni=?
Hibernate: 
    insert 
    into
        socio
        (activo, email, fecha_nacimiento, nombre, telefono, dni) 
    values
        (?, ?, ?, ?, ?, ?)
Hibernate: 
    insert 
    into
        membresia
        (activo, asistencias_por_semana, duracion_dias, nombre, precio_sugerido, tipo_membresia) 
    values
        (?, ?, ?, ?, ?, ?) 
    returning id_membresia
Hibernate: 
    select
        mp1_0.id_mediopago 
    from
        medio_pago mp1_0 
    where
        mp1_0.nombre=? 
    fetch
        first ? rows only
Hibernate: 
    insert 
    into
        medio_pago
        (nombre) 
    values
        (?) 
    returning id_mediopago
Hibernate: 
    select
        p1_0.id_puesto 
    from
        puesto p1_0 
    where
        p1_0.nombre=? 
    fetch
        first ? rows only
Hibernate: 
    insert 
    into
        puesto
        (nombre) 
    values
        (?) 
    returning id_puesto
Hibernate: 
    select
        count(*) 
    from
        empleado e1_0 
    where
        e1_0.dni=?
Hibernate: 
    select
        e1_0.dni,
        e1_0.activo,
        e1_0.email,
        e1_0.fecha_inicio,
        e1_0.fecha_nacimiento,
        e1_0.nombre,
        p1_0.id_puesto,
        p1_0.nombre,
        e1_0.telefono 
    from
        empleado e1_0 
    left join
        puesto p1_0 
            on p1_0.id_puesto=e1_0.id_puesto 
    where
        e1_0.dni=?
Hibernate: 
    insert 
    into
        empleado
        (activo, email, fecha_inicio, fecha_nacimiento, nombre, id_puesto, telefono, dni) 
    values
        (?, ?, ?, ?, ?, ?, ?, ?)
Hibernate: 
    insert 
    into
        pago
        (id_descuento, dni_empleado, estado, fecha, id_mediopago, monto, dni_socio) 
    values
        (?, ?, ?, ?, ?, ?, ?) 
    returning id_pago
Hibernate: 
    select
        max(sm1_0.fecha_hasta) 
    from
        socio_membresia sm1_0 
    where
        sm1_0.dni_socio=? 
        and sm1_0.activo=true 
        and sm1_0.fecha_hasta>=current_date
Hibernate: 
    SELECT
        COUNT(*) 
    FROM
        asistencia A 
    WHERE
        A.estado_asistencia = 'PENDIENTE' 
        and A.DNI = ? 
Hibernate: 
    insert 
    into
        socio_membresia
        (activo, fecha_hasta, fecha_inicio, id_membresia, precio, dni_socio) 
    values
        (?, ?, ?, ?, ?, ?) 
    returning id_sm
Hibernate: 
    select
        a1_0.dni,
        a1_0.fecha_hora,
        a1_0.estado_asistencia 
    from
        asistencia a1_0 
    where
        a1_0.dni=? 
        and a1_0.estado_asistencia='PENDIENTE' 
        and a1_0.fecha_hora between ? and ?
Hibernate: 
    select
        max(sm1_0.fecha_hasta) 
    from
        socio_membresia sm1_0 
    where
        sm1_0.dni_socio=? 
        and sm1_0.activo=true 
        and sm1_0.fecha_hasta>=current_date
Hibernate: 
    insert 
    into
        detalle_pago
        (cantidad, precio_unitario, id_producto, id_sm, id_pago, numero) 
    values
        (?, ?, ?, ?, ?, ?)
Hibernate: 
    insert 
    into
        socio_membresia
        (activo, fecha_hasta, fecha_inicio, id_membresia, precio, dni_socio) 
    values
        (?, ?, ?, ?, ?, ?) 
    returning id_sm
Hibernate: 
    select
        a1_0.dni,
        a1_0.fecha_hora,
        a1_0.estado_asistencia 
    from
        asistencia a1_0 
    where
        a1_0.dni=? 
        and a1_0.estado_asistencia='PENDIENTE' 
        and a1_0.fecha_hora between ? and ?
Hibernate: 
    select
        count(*) 
    from
        socio s1_0 
    where
        s1_0.dni=?
Hibernate: 
    select
        s1_0.dni 
    from
        socio s1_0 
    where
        s1_0.email=? 
    fetch
        first ? rows only
Hibernate: 
    select
        s1_0.dni,
        s1_0.activo,
        s1_0.email,
        s1_0.fecha_nacimiento,
        s1_0.nombre,
        s1_0.telefono 
    from
        socio s1_0 
    where
        s1_0.dni=?
Hibernate: 
    insert 
    into
        socio
        (activo, email, fecha_nacimiento, nombre, telefono, dni) 
    values
        (?, ?, ?, ?, ?, ?)
Hibernate: 
    insert 
    into
        membresia
        (activo, asistencias_por_semana, duracion_dias, nombre, precio_sugerido, tipo_membresia) 
    values
        (?, ?, ?, ?, ?, ?) 
    returning id_membresia
Hibernate: 
    select
        mp1_0.id_mediopago 
    from
        medio_pago mp1_0 
    where
        mp1_0.nombre=? 
    fetch
        first ? rows only
Hibernate: 
    insert 
    into
        medio_pago
        (nombre) 
    values
        (?) 
    returning id_mediopago
Hibernate: 
    select
        p1_0.id_puesto 
    from
        puesto p1_0 
    where
        p1_0.nombre=? 
    fetch
        first ? rows only
Hibernate: 
    insert 
    into
        puesto
        (nombre) 
    values
        (?) 
    returning id_puesto
Hibernate: 
    select
        count(*) 
    from
        empleado e1_0 
    where
        e1_0.dni=?
Hibernate: 
    select
        e1_0.dni,
        e1_0.activo,
        e1_0.email,
        e1_0.fecha_inicio,
        e1_0.fecha_nacimiento,
        e1_0.nombre,
        p1_0.id_puesto,
        p1_0.nombre,
        e1_0.telefono 
    from
        empleado e1_0 
    left join
        puesto p1_0 
            on p1_0.id_puesto=e1_0.id_puesto 
    where
        e1_0.dni=?
Hibernate: 
    insert 
    into
        empleado
        (activo, email, fecha_inicio, fecha_nacimiento, nombre, id_puesto, telefono, dni) 
    values
        (?, ?, ?, ?, ?, ?, ?, ?)
Hibernate: 
    insert 
    into
        pago
        (id_descuento, dni_empleado, estado, fecha, id_mediopago, monto, dni_socio) 
    values
        (?, ?, ?, ?, ?, ?, ?) 
    returning id_pago
Hibernate: 
    select
        max(sm1_0.fecha_hasta) 
    from
        socio_membresia sm1_0 
    where
        sm1_0.dni_socio=? 
        and sm1_0.activo=true 
        and sm1_0.fecha_hasta>=current_date
Hibernate: 
    SELECT
        COUNT(*) 
    FROM
        asistencia A 
    WHERE
        A.estado_asistencia = 'PENDIENTE' 
        and A.DNI = ? 
Hibernate: 
    insert 
    into
        socio_membresia
        (activo, fecha_hasta, fecha_inicio, id_membresia, precio, dni_socio) 
    values
        (?, ?, ?, ?, ?, ?) 
    returning id_sm
Hibernate: 
    select
        a1_0.dni,
        a1_0.fecha_hora,
        a1_0.estado_asistencia 
    from
        asistencia a1_0 
    where
        a1_0.dni=? 
        and a1_0.estado_asistencia='PENDIENTE' 
        and a1_0.fecha_hora between ? and ?
Hibernate: 
    select
        dp1_0.id_pago,
        dp1_0.numero,
        dp1_0.cantidad,
        p1_0.id_pago,
        d1_0.id_descuento,
        d1_0.activo,
        d1_0.nombre,
        d1_0.porcentaje,
        e1_0.dni,
        e1_0.activo,
        e1_0.email,
        e1_0.fecha_inicio,
        e1_0.fecha_nacimiento,
        e1_0.nombre,
        p2_0.id_puesto,
        p2_0.nombre,
        e1_0.telefono,
        p1_0.estado,
        p1_0.fecha,
        mp1_0.id_mediopago,
        mp1_0.nombre,
        p1_0.monto,
        s1_0.dni,
        s1_0.activo,
        s1_0.email,
        s1_0.fecha_nacimiento,
        s1_0.nombre,
        s1_0.telefono,
        dp1_0.precio_unitario,
        p3_0.id_producto,
        p3_0.activo,
        p3_0.nombre,
        p3_0.precio_sugerido,
        p3_0.stock,
        p3_0.version,
        sm1_0.id_sm,
        sm1_0.activo,
        sm1_0.fecha_hasta,
        sm1_0.fecha_inicio,
        m1_0.id_membresia,
        m1_0.activo,
        m1_0.asistencias_por_semana,
        m1_0.duracion_dias,
        m1_0.nombre,
        m1_0.precio_sugerido,
        m1_0.tipo_membresia,
        sm1_0.precio,
        s2_0.dni,
        s2_0.activo,
        s2_0.email,
        s2_0.fecha_nacimiento,
        s2_0.nombre,
        s2_0.telefono,
        dp1_0.subtotal 
    from
        detalle_pago dp1_0 
    join
        pago p1_0 
            on p1_0.id_pago=dp1_0.id_pago 
    left join
        public.descuento d1_0 
            on d1_0.id_descuento=p1_0.id_descuento 
    left join
        empleado e1_0 
            on e1_0.dni=p1_0.dni_empleado 
    left join
        puesto p2_0 
            on p2_0.id_puesto=e1_0.id_puesto 
    left join
        medio_pago mp1_0 
            on mp1_0.id_mediopago=p1_0.id_mediopago 
    left join
        socio s1_0 
            on s1_0.dni=p1_0.dni_socio 
    left join
        producto p3_0 
            on p3_0.id_producto=dp1_0.id_producto 
    left join
        socio_membresia sm1_0 
            on sm1_0.id_sm=dp1_0.id_sm 
    left join
        membresia m1_0 
            on m1_0.id_membresia=sm1_0.id_membresia 
    left join
        socio s2_0 
            on s2_0.dni=sm1_0.dni_socio 
    where
        (
            dp1_0.id_pago, dp1_0.numero
        ) in ((?, ?))
Hibernate: 
    insert 
    into
        detalle_pago
        (cantidad, precio_unitario, id_producto, id_sm, id_pago, numero) 
    values
        (?, ?, ?, ?, ?, ?)
Hibernate: 
    update
        pago 
    set
        id_descuento=?,
        dni_empleado=?,
        estado=?,
        fecha=?,
        id_mediopago=?,
        monto=?,
        dni_socio=? 
    where
        id_pago=?
Hibernate: 
    SELECT
        *     
    FROM
        socio_membresia sm     
    WHERE
        sm.dni_socio = ?       
        AND sm.activo = true       
        AND CURRENT_DATE BETWEEN sm.fecha_inicio AND sm.fecha_hasta     
    ORDER BY
        sm.fecha_inicio DESC     
    LIMIT
        1 
Hibernate: 
    select
        count(*) 
    from
        socio s1_0 
    where
        s1_0.dni=?
Hibernate: 
    select
        s1_0.dni 
    from
        socio s1_0 
    where
        s1_0.email=? 
    fetch
        first ? rows only
Hibernate: 
    select
        s1_0.dni,
        s1_0.activo,
        s1_0.email,
        s1_0.fecha_nacimiento,
        s1_0.nombre,
        s1_0.telefono 
    from
        socio s1_0 
    where
        s1_0.dni=?
Hibernate: 
    select
        a1_0.dni,
        a1_0.fecha_hora,
        a1_0.estado_asistencia,
        s1_0.dni,
        s1_0.activo,
        s1_0.email,
        s1_0.fecha_nacimiento,
        s1_0.nombre,
        s1_0.telefono 
    from
        asistencia a1_0 
    join
        socio s1_0 
            on s1_0.dni=a1_0.dni 
    where
        (
            a1_0.dni, a1_0.fecha_hora
        ) in ((?, ?))
Hibernate: 
    insert 
    into
        socio
        (activo, email, fecha_nacimiento, nombre, telefono, dni) 
    values
        (?, ?, ?, ?, ?, ?)
Hibernate: 
    insert 
    into
        asistencia
        (estado_asistencia, dni, fecha_hora) 
    values
        (?, ?, ?)
Hibernate: 
    insert 
    into
        membresia
        (activo, asistencias_por_semana, duracion_dias, nombre, precio_sugerido, tipo_membresia) 
    values
        (?, ?, ?, ?, ?, ?) 
    returning id_membresia
Hibernate: 
    select
        mp1_0.id_mediopago 
    from
        medio_pago mp1_0 
    where
        mp1_0.nombre=? 
    fetch
        first ? rows only
Hibernate: 
    insert 
    into
        medio_pago
        (nombre) 
    values
        (?) 
    returning id_mediopago
Hibernate: 
    select
        p1_0.id_puesto 
    from
        puesto p1_0 
    where
        p1_0.nombre=? 
    fetch
        first ? rows only
Hibernate: 
    insert 
    into
        puesto
        (nombre) 
    values
        (?) 
    returning id_puesto
Hibernate: 
    select
        count(*) 
    from
        empleado e1_0 
    where
        e1_0.dni=?
Hibernate: 
    select
        e1_0.dni,
        e1_0.activo,
        e1_0.email,
        e1_0.fecha_inicio,
        e1_0.fecha_nacimiento,
        e1_0.nombre,
        p1_0.id_puesto,
        p1_0.nombre,
        e1_0.telefono 
    from
        empleado e1_0 
    left join
        puesto p1_0 
            on p1_0.id_puesto=e1_0.id_puesto 
    where
        e1_0.dni=?
Hibernate: 
    insert 
    into
        empleado
        (activo, email, fecha_inicio, fecha_nacimiento, nombre, id_puesto, telefono, dni) 
    values
        (?, ?, ?, ?, ?, ?, ?, ?)
Hibernate: 
    insert 
    into
        pago
        (id_descuento, dni_empleado, estado, fecha, id_mediopago, monto, dni_socio) 
    values
        (?, ?, ?, ?, ?, ?, ?) 
    returning id_pago
Hibernate: 
    select
        max(sm1_0.fecha_hasta) 
    from
        socio_membresia sm1_0 
    where
        sm1_0.dni_socio=? 
        and sm1_0.activo=true 
        and sm1_0.fecha_hasta>=current_date
Hibernate: 
    SELECT
        COUNT(*) 
    FROM
        asistencia A 
    WHERE
        A.estado_asistencia = 'PENDIENTE' 
        and A.DNI = ? 
Hibernate: 
    SELECT
        a.fecha_hora 
    FROM
        asistencia a 
    WHERE
        a.estado_asistencia = 'PENDIENTE'   
        AND a.dni = ?   
        AND a.fecha_hora >= CAST(? AS DATE) 
    ORDER BY
        a.fecha_hora ASC 
    LIMIT
        1 
Hibernate: 
    insert 
    into
        socio_membresia
        (activo, fecha_hasta, fecha_inicio, id_membresia, precio, dni_socio) 
    values
        (?, ?, ?, ?, ?, ?) 
    returning id_sm
Hibernate: 
    select
        a1_0.dni,
        a1_0.fecha_hora,
        a1_0.estado_asistencia 
    from
        asistencia a1_0 
    where
        a1_0.dni=? 
        and a1_0.estado_asistencia='PENDIENTE' 
        and a1_0.fecha_hora between ? and ?
Hibernate: 
    select
        dp1_0.id_pago,
        dp1_0.numero,
        dp1_0.cantidad,
        p1_0.id_pago,
        d1_0.id_descuento,
        d1_0.activo,
        d1_0.nombre,
        d1_0.porcentaje,
        e1_0.dni,
        e1_0.activo,
        e1_0.email,
        e1_0.fecha_inicio,
        e1_0.fecha_nacimiento,
        e1_0.nombre,
        p2_0.id_puesto,
        p2_0.nombre,
        e1_0.telefono,
        p1_0.estado,
        p1_0.fecha,
        mp1_0.id_mediopago,
        mp1_0.nombre,
        p1_0.monto,
        s1_0.dni,
        s1_0.activo,
        s1_0.email,
        s1_0.fecha_nacimiento,
        s1_0.nombre,
        s1_0.telefono,
        dp1_0.precio_unitario,
        p3_0.id_producto,
        p3_0.activo,
        p3_0.nombre,
        p3_0.precio_sugerido,
        p3_0.stock,
        p3_0.version,
        sm1_0.id_sm,
        sm1_0.activo,
        sm1_0.fecha_hasta,
        sm1_0.fecha_inicio,
        m1_0.id_membresia,
        m1_0.activo,
        m1_0.asistencias_por_semana,
        m1_0.duracion_dias,
        m1_0.nombre,
        m1_0.precio_sugerido,
        m1_0.tipo_membresia,
        sm1_0.precio,
        s2_0.dni,
        s2_0.activo,
        s2_0.email,
        s2_0.fecha_nacimiento,
        s2_0.nombre,
        s2_0.telefono,
        dp1_0.subtotal 
    from
        detalle_pago dp1_0 
    join
        pago p1_0 
            on p1_0.id_pago=dp1_0.id_pago 
    left join
        public.descuento d1_0 
            on d1_0.id_descuento=p1_0.id_descuento 
    left join
        empleado e1_0 
            on e1_0.dni=p1_0.dni_empleado 
    left join
        puesto p2_0 
            on p2_0.id_puesto=e1_0.id_puesto 
    left join
        medio_pago mp1_0 
            on mp1_0.id_mediopago=p1_0.id_mediopago 
    left join
        socio s1_0 
            on s1_0.dni=p1_0.dni_socio 
    left join
        producto p3_0 
            on p3_0.id_producto=dp1_0.id_producto 
    left join
        socio_membresia sm1_0 
            on sm1_0.id_sm=dp1_0.id_sm 
    left join
        membresia m1_0 
            on m1_0.id_membresia=sm1_0.id_membresia 
    left join
        socio s2_0 
            on s2_0.dni=sm1_0.dni_socio 
    where
        (
            dp1_0.id_pago, dp1_0.numero
        ) in ((?, ?))
Hibernate: 
    insert 
    into
        detalle_pago
        (cantidad, precio_unitario, id_producto, id_sm, id_pago, numero) 
    values
        (?, ?, ?, ?, ?, ?)
Hibernate: 
    update
        asistencia 
    set
        estado_asistencia=? 
    where
        dni=? 
        and fecha_hora=?
Hibernate: 
    update
        pago 
    set
        id_descuento=?,
        dni_empleado=?,
        estado=?,
        fecha=?,
        id_mediopago=?,
        monto=?,
        dni_socio=? 
    where
        id_pago=?
Hibernate: 
    SELECT
        *     
    FROM
        socio_membresia sm     
    WHERE
        sm.dni_socio = ?       
        AND sm.activo = true       
        AND CURRENT_DATE BETWEEN sm.fecha_inicio AND sm.fecha_hasta     
    ORDER BY
        sm.fecha_inicio DESC     
    LIMIT
        1 
Hibernate: 
    SELECT
        COUNT(*) 
    FROM
        asistencia A 
    WHERE
        A.estado_asistencia = 'PENDIENTE' 
        and A.DNI = ? 
Hibernate: 
    select
        mp1_0.id_mediopago 
    from
        medio_pago mp1_0 
    where
        mp1_0.nombre=? 
    fetch
        first ? rows only
Hibernate: 
    insert 
    into
        medio_pago
        (nombre) 
    values
        (?) 
    returning id_mediopago
Hibernate: 
    select
        p1_0.id_puesto 
    from
        puesto p1_0 
    where
        p1_0.nombre=? 
    fetch
        first ? rows only
Hibernate: 
    insert 
    into
        puesto
        (nombre) 
    values
        (?) 
    returning id_puesto
Hibernate: 
    select
        count(*) 
    from
        empleado e1_0 
    where
        e1_0.dni=?
Hibernate: 
    select
        e1_0.dni,
        e1_0.activo,
        e1_0.email,
        e1_0.fecha_inicio,
        e1_0.fecha_nacimiento,
        e1_0.nombre,
        p1_0.id_puesto,
        p1_0.nombre,
        e1_0.telefono 
    from
        empleado e1_0 
    left join
        puesto p1_0 
            on p1_0.id_puesto=e1_0.id_puesto 
    where
        e1_0.dni=?
Hibernate: 
    insert 
    into
        empleado
        (activo, email, fecha_inicio, fecha_nacimiento, nombre, id_puesto, telefono, dni) 
    values
        (?, ?, ?, ?, ?, ?, ?, ?)
Hibernate: 
    insert 
    into
        membresia
        (activo, asistencias_por_semana, duracion_dias, nombre, precio_sugerido, tipo_membresia) 
    values
        (?, ?, ?, ?, ?, ?) 
    returning id_membresia
Hibernate: 
    select
        s1_0.dni,
        s1_0.activo,
        s1_0.email,
        s1_0.fecha_nacimiento,
        s1_0.nombre,
        s1_0.telefono 
    from
        socio s1_0 
    where
        s1_0.dni=?
Hibernate: 
    select
        count(*) 
    from
        socio s1_0 
    where
        s1_0.dni=?
Hibernate: 
    select
        s1_0.dni 
    from
        socio s1_0 
    where
        s1_0.email=? 
    fetch
        first ? rows only
Hibernate: 
    select
        s1_0.dni,
        s1_0.activo,
        s1_0.email,
        s1_0.fecha_nacimiento,
        s1_0.nombre,
        s1_0.telefono 
    from
        socio s1_0 
    where
        s1_0.dni=?
Hibernate: 
    insert 
    into
        socio
        (activo, email, fecha_nacimiento, nombre, telefono, dni) 
    values
        (?, ?, ?, ?, ?, ?)
Hibernate: 
    insert 
    into
        membresia
        (activo, asistencias_por_semana, duracion_dias, nombre, precio_sugerido, tipo_membresia) 
    values
        (?, ?, ?, ?, ?, ?) 
    returning id_membresia
Hibernate: 
    select
        mp1_0.id_mediopago 
    from
        medio_pago mp1_0 
    where
        mp1_0.nombre=? 
    fetch
        first ? rows only
Hibernate: 
    insert 
    into
        medio_pago
        (nombre) 
    values
        (?) 
    returning id_mediopago
Hibernate: 
    select
        p1_0.id_puesto 
    from
        puesto p1_0 
    where
        p1_0.nombre=? 
    fetch
        first ? rows only
Hibernate: 
    insert 
    into
        puesto
        (nombre) 
    values
        (?) 
    returning id_puesto
Hibernate: 
    select
        count(*) 
    from
        empleado e1_0 
    where
        e1_0.dni=?
Hibernate: 
    select
        e1_0.dni,
        e1_0.activo,
        e1_0.email,
        e1_0.fecha_inicio,
        e1_0.fecha_nacimiento,
        e1_0.nombre,
        p1_0.id_puesto,
        p1_0.nombre,
        e1_0.telefono 
    from
        empleado e1_0 
    left join
        puesto p1_0 
            on p1_0.id_puesto=e1_0.id_puesto 
    where
        e1_0.dni=?
Hibernate: 
    insert 
    into
        empleado
        (activo, email, fecha_inicio, fecha_nacimiento, nombre, id_puesto, telefono, dni) 
    values
        (?, ?, ?, ?, ?, ?, ?, ?)
Hibernate: 
    insert 
    into
        pago
        (id_descuento, dni_empleado, estado, fecha, id_mediopago, monto, dni_socio) 
    values
        (?, ?, ?, ?, ?, ?, ?) 
    returning id_pago
Hibernate: 
    select
        max(sm1_0.fecha_hasta) 
    from
        socio_membresia sm1_0 
    where
        sm1_0.dni_socio=? 
        and sm1_0.activo=true 
        and sm1_0.fecha_hasta>=current_date
Hibernate: 
    SELECT
        COUNT(*) 
    FROM
        asistencia A 
    WHERE
        A.estado_asistencia = 'PENDIENTE' 
        and A.DNI = ? 
Hibernate: 
    insert 
    into
        socio_membresia
        (activo, fecha_hasta, fecha_inicio, id_membresia, precio, dni_socio) 
    values
        (?, ?, ?, ?, ?, ?) 
    returning id_sm
Hibernate: 
    select
        a1_0.dni,
        a1_0.fecha_hora,
        a1_0.estado_asistencia 
    from
        asistencia a1_0 
    where
        a1_0.dni=? 
        and a1_0.estado_asistencia='PENDIENTE' 
        and a1_0.fecha_hora between ? and ?
Hibernate: 
    select
        dp1_0.id_pago,
        dp1_0.numero,
        dp1_0.cantidad,
        p1_0.id_pago,
        d1_0.id_descuento,
        d1_0.activo,
        d1_0.nombre,
        d1_0.porcentaje,
        e1_0.dni,
        e1_0.activo,
        e1_0.email,
        e1_0.fecha_inicio,
        e1_0.fecha_nacimiento,
        e1_0.nombre,
        p2_0.id_puesto,
        p2_0.nombre,
        e1_0.telefono,
        p1_0.estado,
        p1_0.fecha,
        mp1_0.id_mediopago,
        mp1_0.nombre,
        p1_0.monto,
        s1_0.dni,
        s1_0.activo,
        s1_0.email,
        s1_0.fecha_nacimiento,
        s1_0.nombre,
        s1_0.telefono,
        dp1_0.precio_unitario,
        p3_0.id_producto,
        p3_0.activo,
        p3_0.nombre,
        p3_0.precio_sugerido,
        p3_0.stock,
        p3_0.version,
        sm1_0.id_sm,
        sm1_0.activo,
        sm1_0.fecha_hasta,
        sm1_0.fecha_inicio,
        m1_0.id_membresia,
        m1_0.activo,
        m1_0.asistencias_por_semana,
        m1_0.duracion_dias,
        m1_0.nombre,
        m1_0.precio_sugerido,
        m1_0.tipo_membresia,
        sm1_0.precio,
        s2_0.dni,
        s2_0.activo,
        s2_0.email,
        s2_0.fecha_nacimiento,
        s2_0.nombre,
        s2_0.telefono,
        dp1_0.subtotal 
    from
        detalle_pago dp1_0 
    join
        pago p1_0 
            on p1_0.id_pago=dp1_0.id_pago 
    left join
        public.descuento d1_0 
            on d1_0.id_descuento=p1_0.id_descuento 
    left join
        empleado e1_0 
            on e1_0.dni=p1_0.dni_empleado 
    left join
        puesto p2_0 
            on p2_0.id_puesto=e1_0.id_puesto 
    left join
        medio_pago mp1_0 
            on mp1_0.id_mediopago=p1_0.id_mediopago 
    left join
        socio s1_0 
            on s1_0.dni=p1_0.dni_socio 
    left join
        producto p3_0 
            on p3_0.id_producto=dp1_0.id_producto 
    left join
        socio_membresia sm1_0 
            on sm1_0.id_sm=dp1_0.id_sm 
    left join
        membresia m1_0 
            on m1_0.id_membresia=sm1_0.id_membresia 
    left join
        socio s2_0 
            on s2_0.dni=sm1_0.dni_socio 
    where
        (
            dp1_0.id_pago, dp1_0.numero
        ) in ((?, ?))
Hibernate: 
    select
        sm1_0.id_sm,
        sm1_0.activo,
        sm1_0.fecha_hasta,
        sm1_0.fecha_inicio,
        sm1_0.id_membresia,
        sm1_0.precio,
        sm1_0.dni_socio 
    from
        socio_membresia sm1_0 
    where
        sm1_0.dni_socio=? 
    order by
        sm1_0.fecha_inicio
Hibernate: 
    insert 
    into
        detalle_pago
        (cantidad, precio_unitario, id_producto, id_sm, id_pago, numero) 
    values
        (?, ?, ?, ?, ?, ?)
Hibernate: 
    insert 
    into
        pago
        (id_descuento, dni_empleado, estado, fecha, id_mediopago, monto, dni_socio) 
    values
        (?, ?, ?, ?, ?, ?, ?) 
    returning id_pago
Hibernate: 
    update
        pago 
    set
        id_descuento=?,
        dni_empleado=?,
        estado=?,
        fecha=?,
        id_mediopago=?,
        monto=?,
        dni_socio=? 
    where
        id_pago=?
Hibernate: 
    update
        socio_membresia 
    set
        activo=?,
        fecha_hasta=?,
        fecha_inicio=?,
        id_membresia=?,
        precio=?,
        dni_socio=? 
    where
        id_sm=?
Hibernate: 
    select
        max(sm1_0.fecha_hasta) 
    from
        socio_membresia sm1_0 
    where
        sm1_0.dni_socio=? 
        and sm1_0.activo=true 
        and sm1_0.fecha_hasta>=current_date
Hibernate: 
    SELECT
        COUNT(*) 
    FROM
        asistencia A 
    WHERE
        A.estado_asistencia = 'PENDIENTE' 
        and A.DNI = ? 
Hibernate: 
    insert 
    into
        socio_membresia
        (activo, fecha_hasta, fecha_inicio, id_membresia, precio, dni_socio) 
    values
        (?, ?, ?, ?, ?, ?) 
    returning id_sm
Hibernate: 
    select
        a1_0.dni,
        a1_0.fecha_hora,
        a1_0.estado_asistencia 
    from
        asistencia a1_0 
    where
        a1_0.dni=? 
        and a1_0.estado_asistencia='PENDIENTE' 
        and a1_0.fecha_hora between ? and ?
Hibernate: 
    select
        dp1_0.id_pago,
        dp1_0.numero,
        dp1_0.cantidad,
        p1_0.id_pago,
        d1_0.id_descuento,
        d1_0.activo,
        d1_0.nombre,
        d1_0.porcentaje,
        e1_0.dni,
        e1_0.activo,
        e1_0.email,
        e1_0.fecha_inicio,
        e1_0.fecha_nacimiento,
        e1_0.nombre,
        p2_0.id_puesto,
        p2_0.nombre,
        e1_0.telefono,
        p1_0.estado,
        p1_0.fecha,
        mp1_0.id_mediopago,
        mp1_0.nombre,
        p1_0.monto,
        s1_0.dni,
        s1_0.activo,
        s1_0.email,
        s1_0.fecha_nacimiento,
        s1_0.nombre,
        s1_0.telefono,
        dp1_0.precio_unitario,
        p3_0.id_producto,
        p3_0.activo,
        p3_0.nombre,
        p3_0.precio_sugerido,
        p3_0.stock,
        p3_0.version,
        sm1_0.id_sm,
        sm1_0.activo,
        sm1_0.fecha_hasta,
        sm1_0.fecha_inicio,
        m1_0.id_membresia,
        m1_0.activo,
        m1_0.asistencias_por_semana,
        m1_0.duracion_dias,
        m1_0.nombre,
        m1_0.precio_sugerido,
        m1_0.tipo_membresia,
        sm1_0.precio,
        s2_0.dni,
        s2_0.activo,
        s2_0.email,
        s2_0.fecha_nacimiento,
        s2_0.nombre,
        s2_0.telefono,
        dp1_0.subtotal 
    from
        detalle_pago dp1_0 
    join
        pago p1_0 
            on p1_0.id_pago=dp1_0.id_pago 
    left join
        public.descuento d1_0 
            on d1_0.id_descuento=p1_0.id_descuento 
    left join
        empleado e1_0 
            on e1_0.dni=p1_0.dni_empleado 
    left join
        puesto p2_0 
            on p2_0.id_puesto=e1_0.id_puesto 
    left join
        medio_pago mp1_0 
            on mp1_0.id_mediopago=p1_0.id_mediopago 
    left join
        socio s1_0 
            on s1_0.dni=p1_0.dni_socio 
    left join
        producto p3_0 
            on p3_0.id_producto=dp1_0.id_producto 
    left join
        socio_membresia sm1_0 
            on sm1_0.id_sm=dp1_0.id_sm 
    left join
        membresia m1_0 
            on m1_0.id_membresia=sm1_0.id_membresia 
    left join
        socio s2_0 
            on s2_0.dni=sm1_0.dni_socio 
    where
        (
            dp1_0.id_pago, dp1_0.numero
        ) in ((?, ?))
Hibernate: 
    select
        sm1_0.id_sm,
        sm1_0.activo,
        sm1_0.fecha_hasta,
        sm1_0.fecha_inicio,
        sm1_0.id_membresia,
        sm1_0.precio,
        sm1_0.dni_socio 
    from
        socio_membresia sm1_0 
    where
        sm1_0.dni_socio=? 
    order by
        sm1_0.fecha_inicio
Hibernate: 
    select
        count(*) 
    from
        socio s1_0 
    where
        s1_0.dni=?
Hibernate: 
    select
        s1_0.dni 
    from
        socio s1_0 
    where
        s1_0.email=? 
    fetch
        first ? rows only
Hibernate: 
    select
        s1_0.dni,
        s1_0.activo,
        s1_0.email,
        s1_0.fecha_nacimiento,
        s1_0.nombre,
        s1_0.telefono 
    from
        socio s1_0 
    where
        s1_0.dni=?
Hibernate: 
    select
        mp1_0.id_mediopago 
    from
        medio_pago mp1_0 
    where
        mp1_0.nombre=? 
    fetch
        first ? rows only
Hibernate: 
    insert 
    into
        socio
        (activo, email, fecha_nacimiento, nombre, telefono, dni) 
    values
        (?, ?, ?, ?, ?, ?)
Hibernate: 
    insert 
    into
        medio_pago
        (nombre) 
    values
        (?) 
    returning id_mediopago
Hibernate: 
    select
        p1_0.id_puesto 
    from
        puesto p1_0 
    where
        p1_0.nombre=? 
    fetch
        first ? rows only
Hibernate: 
    insert 
    into
        puesto
        (nombre) 
    values
        (?) 
    returning id_puesto
Hibernate: 
    select
        count(*) 
    from
        empleado e1_0 
    where
        e1_0.dni=?
Hibernate: 
    select
        e1_0.dni,
        e1_0.activo,
        e1_0.email,
        e1_0.fecha_inicio,
        e1_0.fecha_nacimiento,
        e1_0.nombre,
        p1_0.id_puesto,
        p1_0.nombre,
        e1_0.telefono 
    from
        empleado e1_0 
    left join
        puesto p1_0 
            on p1_0.id_puesto=e1_0.id_puesto 
    where
        e1_0.dni=?
Hibernate: 
    insert 
    into
        empleado
        (activo, email, fecha_inicio, fecha_nacimiento, nombre, id_puesto, telefono, dni) 
    values
        (?, ?, ?, ?, ?, ?, ?, ?)
Hibernate: 
    insert 
    into
        pago
        (id_descuento, dni_empleado, estado, fecha, id_mediopago, monto, dni_socio) 
    values
        (?, ?, ?, ?, ?, ?, ?) 
    returning id_pago
Hibernate: 
    select
        m1_0.id_membresia,
        m1_0.activo,
        m1_0.asistencias_por_semana,
        m1_0.duracion_dias,
        m1_0.nombre,
        m1_0.precio_sugerido,
        m1_0.tipo_membresia 
    from
        membresia m1_0 
    where
        m1_0.id_membresia=?
Hibernate: 
    select
        count(*) 
    from
        socio s1_0 
    where
        s1_0.dni=?
Hibernate: 
    select
        s1_0.dni 
    from
        socio s1_0 
    where
        s1_0.email=? 
    fetch
        first ? rows only
Hibernate: 
    select
        s1_0.dni,
        s1_0.activo,
        s1_0.email,
        s1_0.fecha_nacimiento,
        s1_0.nombre,
        s1_0.telefono 
    from
        socio s1_0 
    where
        s1_0.dni=?
Hibernate: 
    insert 
    into
        socio
        (activo, email, fecha_nacimiento, nombre, telefono, dni) 
    values
        (?, ?, ?, ?, ?, ?)
Hibernate: 
    insert 
    into
        membresia
        (activo, asistencias_por_semana, duracion_dias, nombre, precio_sugerido, tipo_membresia) 
    values
        (?, ?, ?, ?, ?, ?) 
    returning id_membresia
Hibernate: 
    select
        mp1_0.id_mediopago 
    from
        medio_pago mp1_0 
    where
        mp1_0.nombre=? 
    fetch
        first ? rows only
Hibernate: 
    insert 
    into
        medio_pago
        (nombre) 
    values
        (?) 
    returning id_mediopago
Hibernate: 
    select
        p1_0.id_puesto 
    from
        puesto p1_0 
    where
        p1_0.nombre=? 
    fetch
        first ? rows only
Hibernate: 
    insert 
    into
        puesto
        (nombre) 
    values
        (?) 
    returning id_puesto
Hibernate: 
    select
        count(*) 
    from
        empleado e1_0 
    where
        e1_0.dni=?
Hibernate: 
    select
        e1_0.dni,
        e1_0.activo,
        e1_0.email,
        e1_0.fecha_inicio,
        e1_0.fecha_nacimiento,
        e1_0.nombre,
        p1_0.id_puesto,
        p1_0.nombre,
        e1_0.telefono 
    from
        empleado e1_0 
    left join
        puesto p1_0 
            on p1_0.id_puesto=e1_0.id_puesto 
    where
        e1_0.dni=?
Hibernate: 
    insert 
    into
        empleado
        (activo, email, fecha_inicio, fecha_nacimiento, nombre, id_puesto, telefono, dni) 
    values
        (?, ?, ?, ?, ?, ?, ?, ?)
Hibernate: 
    insert 
    into
        pago
        (id_descuento, dni_empleado, estado, fecha, id_mediopago, monto, dni_socio) 
    values
        (?, ?, ?, ?, ?, ?, ?) 
    returning id_pago
Hibernate: 
    select
        max(sm1_0.fecha_hasta) 
    from
        socio_membresia sm1_0 
    where
        sm1_0.dni_socio=? 
        and sm1_0.activo=true 
        and sm1_0.fecha_hasta>=current_date
Hibernate: 
    SELECT
        COUNT(*) 
    FROM
        asistencia A 
    WHERE
        A.estado_asistencia = 'PENDIENTE' 
        and A.DNI = ? 
Hibernate: 
    insert 
    into
        socio_membresia
        (activo, fecha_hasta, fecha_inicio, id_membresia, precio, dni_socio) 
    values
        (?, ?, ?, ?, ?, ?) 
    returning id_sm
Hibernate: 
    select
        a1_0.dni,
        a1_0.fecha_hora,
        a1_0.estado_asistencia 
    from
        asistencia a1_0 
    where
        a1_0.dni=? 
        and a1_0.estado_asistencia='PENDIENTE' 
        and a1_0.fecha_hora between ? and ?
Hibernate: 
    select
        dp1_0.id_pago,
        dp1_0.numero,
        dp1_0.cantidad,
        p1_0.id_pago,
        d1_0.id_descuento,
        d1_0.activo,
        d1_0.nombre,
        d1_0.porcentaje,
        e1_0.dni,
        e1_0.activo,
        e1_0.email,
        e1_0.fecha_inicio,
        e1_0.fecha_nacimiento,
        e1_0.nombre,
        p2_0.id_puesto,
        p2_0.nombre,
        e1_0.telefono,
        p1_0.estado,
        p1_0.fecha,
        mp1_0.id_mediopago,
        mp1_0.nombre,
        p1_0.monto,
        s1_0.dni,
        s1_0.activo,
        s1_0.email,
        s1_0.fecha_nacimiento,
        s1_0.nombre,
        s1_0.telefono,
        dp1_0.precio_unitario,
        p3_0.id_producto,
        p3_0.activo,
        p3_0.nombre,
        p3_0.precio_sugerido,
        p3_0.stock,
        p3_0.version,
        sm1_0.id_sm,
        sm1_0.activo,
        sm1_0.fecha_hasta,
        sm1_0.fecha_inicio,
        m1_0.id_membresia,
        m1_0.activo,
        m1_0.asistencias_por_semana,
        m1_0.duracion_dias,
        m1_0.nombre,
        m1_0.precio_sugerido,
        m1_0.tipo_membresia,
        sm1_0.precio,
        s2_0.dni,
        s2_0.activo,
        s2_0.email,
        s2_0.fecha_nacimiento,
        s2_0.nombre,
        s2_0.telefono,
        dp1_0.subtotal 
    from
        detalle_pago dp1_0 
    join
        pago p1_0 
            on p1_0.id_pago=dp1_0.id_pago 
    left join
        public.descuento d1_0 
            on d1_0.id_descuento=p1_0.id_descuento 
    left join
        empleado e1_0 
            on e1_0.dni=p1_0.dni_empleado 
    left join
        puesto p2_0 
            on p2_0.id_puesto=e1_0.id_puesto 
    left join
        medio_pago mp1_0 
            on mp1_0.id_mediopago=p1_0.id_mediopago 
    left join
        socio s1_0 
            on s1_0.dni=p1_0.dni_socio 
    left join
        producto p3_0 
            on p3_0.id_producto=dp1_0.id_producto 
    left join
        socio_membresia sm1_0 
            on sm1_0.id_sm=dp1_0.id_sm 
    left join
        membresia m1_0 
            on m1_0.id_membresia=sm1_0.id_membresia 
    left join
        socio s2_0 
            on s2_0.dni=sm1_0.dni_socio 
    where
        (
            dp1_0.id_pago, dp1_0.numero
        ) in ((?, ?))
Hibernate: 
    select
        count(*) 
    from
        socio s1_0 
    where
        s1_0.dni=?
Hibernate: 
    select
        s1_0.dni 
    from
        socio s1_0 
    where
        s1_0.email=? 
    fetch
        first ? rows only
Hibernate: 
    select
        s1_0.dni,
        s1_0.activo,
        s1_0.email,
        s1_0.fecha_nacimiento,
        s1_0.nombre,
        s1_0.telefono 
    from
        socio s1_0 
    where
        s1_0.dni=?
Hibernate: 
    select
        mp1_0.id_mediopago 
    from
        medio_pago mp1_0 
    where
        mp1_0.nombre=? 
    fetch
        first ? rows only
Hibernate: 
    insert 
    into
        socio
        (activo, email, fecha_nacimiento, nombre, telefono, dni) 
    values
        (?, ?, ?, ?, ?, ?)
Hibernate: 
    insert 
    into
        medio_pago
        (nombre) 
    values
        (?) 
    returning id_mediopago
Hibernate: 
    insert 
    into
        membresia
        (activo, asistencias_por_semana, duracion_dias, nombre, precio_sugerido, tipo_membresia) 
    values
        (?, ?, ?, ?, ?, ?) 
    returning id_membresia
Hibernate: 
    select
        e1_0.dni,
        e1_0.activo,
        e1_0.email,
        e1_0.fecha_inicio,
        e1_0.fecha_nacimiento,
        e1_0.nombre,
        p1_0.id_puesto,
        p1_0.nombre,
        e1_0.telefono 
    from
        empleado e1_0 
    left join
        puesto p1_0 
            on p1_0.id_puesto=e1_0.id_puesto 
    where
        e1_0.dni=?
Hibernate: 
    select
        count(*) 
    from
        socio s1_0 
    where
        s1_0.dni=?
Hibernate: 
    select
        s1_0.dni 
    from
        socio s1_0 
    where
        s1_0.email=? 
    fetch
        first ? rows only
Hibernate: 
    select
        s1_0.dni,
        s1_0.activo,
        s1_0.email,
        s1_0.fecha_nacimiento,
        s1_0.nombre,
        s1_0.telefono 
    from
        socio s1_0 
    where
        s1_0.dni=?
Hibernate: 
    insert 
    into
        socio
        (activo, email, fecha_nacimiento, nombre, telefono, dni) 
    values
        (?, ?, ?, ?, ?, ?)
Hibernate: 
    insert 
    into
        membresia
        (activo, asistencias_por_semana, duracion_dias, nombre, precio_sugerido, tipo_membresia) 
    values
        (?, ?, ?, ?, ?, ?) 
    returning id_membresia
Hibernate: 
    select
        mp1_0.id_mediopago 
    from
        medio_pago mp1_0 
    where
        mp1_0.nombre=? 
    fetch
        first ? rows only
Hibernate: 
    insert 
    into
        medio_pago
        (nombre) 
    values
        (?) 
    returning id_mediopago
Hibernate: 
    select
        p1_0.id_puesto 
    from
        puesto p1_0 
    where
        p1_0.nombre=? 
    fetch
        first ? rows only
Hibernate: 
    insert 
    into
        puesto
        (nombre) 
    values
        (?) 
    returning id_puesto
Hibernate: 
    select
        count(*) 
    from
        empleado e1_0 
    where
        e1_0.dni=?
Hibernate: 
    select
        e1_0.dni,
        e1_0.activo,
        e1_0.email,
        e1_0.fecha_inicio,
        e1_0.fecha_nacimiento,
        e1_0.nombre,
        p1_0.id_puesto,
        p1_0.nombre,
        e1_0.telefono 
    from
        empleado e1_0 
    left join
        puesto p1_0 
            on p1_0.id_puesto=e1_0.id_puesto 
    where
        e1_0.dni=?
Hibernate: 
    insert 
    into
        empleado
        (activo, email, fecha_inicio, fecha_nacimiento, nombre, id_puesto, telefono, dni) 
    values
        (?, ?, ?, ?, ?, ?, ?, ?)
Hibernate: 
    insert 
    into
        pago
        (id_descuento, dni_empleado, estado, fecha, id_mediopago, monto, dni_socio) 
    values
        (?, ?, ?, ?, ?, ?, ?) 
    returning id_pago
Hibernate: 
    select
        dp1_0.id_pago,
        dp1_0.numero,
        dp1_0.cantidad,
        p1_0.id_pago,
        d1_0.id_descuento,
        d1_0.activo,
        d1_0.nombre,
        d1_0.porcentaje,
        e1_0.dni,
        e1_0.activo,
        e1_0.email,
        e1_0.fecha_inicio,
        e1_0.fecha_nacimiento,
        e1_0.nombre,
        p2_0.id_puesto,
        p2_0.nombre,
        e1_0.telefono,
        p1_0.estado,
        p1_0.fecha,
        mp1_0.id_mediopago,
        mp1_0.nombre,
        p1_0.monto,
        s1_0.dni,
        s1_0.activo,
        s1_0.email,
        s1_0.fecha_nacimiento,
        s1_0.nombre,
        s1_0.telefono,
        dp1_0.precio_unitario,
        p3_0.id_producto,
        p3_0.activo,
        p3_0.nombre,
        p3_0.precio_sugerido,
        p3_0.stock,
        p3_0.version,
        sm1_0.id_sm,
        sm1_0.activo,
        sm1_0.fecha_hasta,
        sm1_0.fecha_inicio,
        m1_0.id_membresia,
        m1_0.activo,
        m1_0.asistencias_por_semana,
        m1_0.duracion_dias,
        m1_0.nombre,
        m1_0.precio_sugerido,
        m1_0.tipo_membresia,
        sm1_0.precio,
        s2_0.dni,
        s2_0.activo,
        s2_0.email,
        s2_0.fecha_nacimiento,
        s2_0.nombre,
        s2_0.telefono,
        dp1_0.subtotal 
    from
        detalle_pago dp1_0 
    join
        pago p1_0 
            on p1_0.id_pago=dp1_0.id_pago 
    left join
        public.descuento d1_0 
            on d1_0.id_descuento=p1_0.id_descuento 
    left join
        empleado e1_0 
            on e1_0.dni=p1_0.dni_empleado 
    left join
        puesto p2_0 
            on p2_0.id_puesto=e1_0.id_puesto 
    left join
        medio_pago mp1_0 
            on mp1_0.id_mediopago=p1_0.id_mediopago 
    left join
        socio s1_0 
            on s1_0.dni=p1_0.dni_socio 
    left join
        producto p3_0 
            on p3_0.id_producto=dp1_0.id_producto 
    left join
        socio_membresia sm1_0 
            on sm1_0.id_sm=dp1_0.id_sm 
    left join
        membresia m1_0 
            on m1_0.id_membresia=sm1_0.id_membresia 
    left join
        socio s2_0 
            on s2_0.dni=sm1_0.dni_socio 
    where
        (
            dp1_0.id_pago, dp1_0.numero
        ) in ((?, ?))
Hibernate: 
    insert 
    into
        detalle_pago
        (cantidad, precio_unitario, id_producto, id_sm, id_pago, numero) 
    values
        (?, ?, ?, ?, ?, ?)
2026-02-25T20:34:08.582-03:00  WARN 19976 --- [           main] o.h.engine.jdbc.spi.SqlExceptionHelper   : SQL Error: 0, SQLState: 23514
2026-02-25T20:34:08.582-03:00 ERROR 19976 --- [           main] o.h.engine.jdbc.spi.SqlExceptionHelper   : ERROR: el nuevo registro para la relaci¾n ½detalle_pago╗ viola la restricci¾n ½check╗ ½ck_producto_o_membresia╗
  Detail: La fila que falla contiene (138, 1, null, null, 1, 50000.00, 50000.00).
Hibernate: 
    select
        count(*) 
    from
        socio s1_0 
    where
        s1_0.dni=?
Hibernate: 
    select
        s1_0.dni 
    from
        socio s1_0 
    where
        s1_0.email=? 
    fetch
        first ? rows only
Hibernate: 
    select
        s1_0.dni,
        s1_0.activo,
        s1_0.email,
        s1_0.fecha_nacimiento,
        s1_0.nombre,
        s1_0.telefono 
    from
        socio s1_0 
    where
        s1_0.dni=?
Hibernate: 
    insert 
    into
        socio
        (activo, email, fecha_nacimiento, nombre, telefono, dni) 
    values
        (?, ?, ?, ?, ?, ?)
Hibernate: 
    insert 
    into
        membresia
        (activo, asistencias_por_semana, duracion_dias, nombre, precio_sugerido, tipo_membresia) 
    values
        (?, ?, ?, ?, ?, ?) 
    returning id_membresia
Hibernate: 
    select
        mp1_0.id_mediopago 
    from
        medio_pago mp1_0 
    where
        mp1_0.nombre=? 
    fetch
        first ? rows only
Hibernate: 
    insert 
    into
        medio_pago
        (nombre) 
    values
        (?) 
    returning id_mediopago
Hibernate: 
    select
        p1_0.id_puesto 
    from
        puesto p1_0 
    where
        p1_0.nombre=? 
    fetch
        first ? rows only
Hibernate: 
    insert 
    into
        puesto
        (nombre) 
    values
        (?) 
    returning id_puesto
Hibernate: 
    select
        count(*) 
    from
        empleado e1_0 
    where
        e1_0.dni=?
Hibernate: 
    select
        e1_0.dni,
        e1_0.activo,
        e1_0.email,
        e1_0.fecha_inicio,
        e1_0.fecha_nacimiento,
        e1_0.nombre,
        p1_0.id_puesto,
        p1_0.nombre,
        e1_0.telefono 
    from
        empleado e1_0 
    left join
        puesto p1_0 
            on p1_0.id_puesto=e1_0.id_puesto 
    where
        e1_0.dni=?
Hibernate: 
    insert 
    into
        empleado
        (activo, email, fecha_inicio, fecha_nacimiento, nombre, id_puesto, telefono, dni) 
    values
        (?, ?, ?, ?, ?, ?, ?, ?)
Hibernate: 
    insert 
    into
        pago
        (id_descuento, dni_empleado, estado, fecha, id_mediopago, monto, dni_socio) 
    values
        (?, ?, ?, ?, ?, ?, ?) 
    returning id_pago
Hibernate: 
    select
        max(sm1_0.fecha_hasta) 
    from
        socio_membresia sm1_0 
    where
        sm1_0.dni_socio=? 
        and sm1_0.activo=true 
        and sm1_0.fecha_hasta>=current_date
Hibernate: 
    SELECT
        COUNT(*) 
    FROM
        asistencia A 
    WHERE
        A.estado_asistencia = 'PENDIENTE' 
        and A.DNI = ? 
Hibernate: 
    insert 
    into
        socio_membresia
        (activo, fecha_hasta, fecha_inicio, id_membresia, precio, dni_socio) 
    values
        (?, ?, ?, ?, ?, ?) 
    returning id_sm
Hibernate: 
    select
        a1_0.dni,
        a1_0.fecha_hora,
        a1_0.estado_asistencia 
    from
        asistencia a1_0 
    where
        a1_0.dni=? 
        and a1_0.estado_asistencia='PENDIENTE' 
        and a1_0.fecha_hora between ? and ?
Hibernate: 
    select
        dp1_0.id_pago,
        dp1_0.numero,
        dp1_0.cantidad,
        p1_0.id_pago,
        d1_0.id_descuento,
        d1_0.activo,
        d1_0.nombre,
        d1_0.porcentaje,
        e1_0.dni,
        e1_0.activo,
        e1_0.email,
        e1_0.fecha_inicio,
        e1_0.fecha_nacimiento,
        e1_0.nombre,
        p2_0.id_puesto,
        p2_0.nombre,
        e1_0.telefono,
        p1_0.estado,
        p1_0.fecha,
        mp1_0.id_mediopago,
        mp1_0.nombre,
        p1_0.monto,
        s1_0.dni,
        s1_0.activo,
        s1_0.email,
        s1_0.fecha_nacimiento,
        s1_0.nombre,
        s1_0.telefono,
        dp1_0.precio_unitario,
        p3_0.id_producto,
        p3_0.activo,
        p3_0.nombre,
        p3_0.precio_sugerido,
        p3_0.stock,
        p3_0.version,
        sm1_0.id_sm,
        sm1_0.activo,
        sm1_0.fecha_hasta,
        sm1_0.fecha_inicio,
        m1_0.id_membresia,
        m1_0.activo,
        m1_0.asistencias_por_semana,
        m1_0.duracion_dias,
        m1_0.nombre,
        m1_0.precio_sugerido,
        m1_0.tipo_membresia,
        sm1_0.precio,
        s2_0.dni,
        s2_0.activo,
        s2_0.email,
        s2_0.fecha_nacimiento,
        s2_0.nombre,
        s2_0.telefono,
        dp1_0.subtotal 
    from
        detalle_pago dp1_0 
    join
        pago p1_0 
            on p1_0.id_pago=dp1_0.id_pago 
    left join
        public.descuento d1_0 
            on d1_0.id_descuento=p1_0.id_descuento 
    left join
        empleado e1_0 
            on e1_0.dni=p1_0.dni_empleado 
    left join
        puesto p2_0 
            on p2_0.id_puesto=e1_0.id_puesto 
    left join
        medio_pago mp1_0 
            on mp1_0.id_mediopago=p1_0.id_mediopago 
    left join
        socio s1_0 
            on s1_0.dni=p1_0.dni_socio 
    left join
        producto p3_0 
            on p3_0.id_producto=dp1_0.id_producto 
    left join
        socio_membresia sm1_0 
            on sm1_0.id_sm=dp1_0.id_sm 
    left join
        membresia m1_0 
            on m1_0.id_membresia=sm1_0.id_membresia 
    left join
        socio s2_0 
            on s2_0.dni=sm1_0.dni_socio 
    where
        (
            dp1_0.id_pago, dp1_0.numero
        ) in ((?, ?))
Hibernate: 
    insert 
    into
        detalle_pago
        (cantidad, precio_unitario, id_producto, id_sm, id_pago, numero) 
    values
        (?, ?, ?, ?, ?, ?)
Hibernate: 
    update
        pago 
    set
        id_descuento=?,
        dni_empleado=?,
        estado=?,
        fecha=?,
        id_mediopago=?,
        monto=?,
        dni_socio=? 
    where
        id_pago=?
Hibernate: 
    SELECT
        *     
    FROM
        socio_membresia sm     
    WHERE
        sm.dni_socio = ?       
        AND sm.activo = true       
        AND CURRENT_DATE BETWEEN sm.fecha_inicio AND sm.fecha_hasta     
    ORDER BY
        sm.fecha_inicio DESC     
    LIMIT
        1 
Hibernate: 
    select
        count(*) 
    from
        socio s1_0 
    where
        s1_0.dni=?
Hibernate: 
    select
        s1_0.dni 
    from
        socio s1_0 
    where
        s1_0.email=? 
    fetch
        first ? rows only
Hibernate: 
    select
        s1_0.dni,
        s1_0.activo,
        s1_0.email,
        s1_0.fecha_nacimiento,
        s1_0.nombre,
        s1_0.telefono 
    from
        socio s1_0 
    where
        s1_0.dni=?
Hibernate: 
    select
        a1_0.dni,
        a1_0.fecha_hora,
        a1_0.estado_asistencia,
        s1_0.dni,
        s1_0.activo,
        s1_0.email,
        s1_0.fecha_nacimiento,
        s1_0.nombre,
        s1_0.telefono 
    from
        asistencia a1_0 
    join
        socio s1_0 
            on s1_0.dni=a1_0.dni 
    where
        (
            a1_0.dni, a1_0.fecha_hora
        ) in ((?, ?))
Hibernate: 
    insert 
    into
        socio
        (activo, email, fecha_nacimiento, nombre, telefono, dni) 
    values
        (?, ?, ?, ?, ?, ?)
Hibernate: 
    insert 
    into
        asistencia
        (estado_asistencia, dni, fecha_hora) 
    values
        (?, ?, ?)
Hibernate: 
    insert 
    into
        membresia
        (activo, asistencias_por_semana, duracion_dias, nombre, precio_sugerido, tipo_membresia) 
    values
        (?, ?, ?, ?, ?, ?) 
    returning id_membresia
Hibernate: 
    select
        mp1_0.id_mediopago 
    from
        medio_pago mp1_0 
    where
        mp1_0.nombre=? 
    fetch
        first ? rows only
Hibernate: 
    insert 
    into
        medio_pago
        (nombre) 
    values
        (?) 
    returning id_mediopago
Hibernate: 
    select
        p1_0.id_puesto 
    from
        puesto p1_0 
    where
        p1_0.nombre=? 
    fetch
        first ? rows only
Hibernate: 
    insert 
    into
        puesto
        (nombre) 
    values
        (?) 
    returning id_puesto
Hibernate: 
    select
        count(*) 
    from
        empleado e1_0 
    where
        e1_0.dni=?
Hibernate: 
    select
        e1_0.dni,
        e1_0.activo,
        e1_0.email,
        e1_0.fecha_inicio,
        e1_0.fecha_nacimiento,
        e1_0.nombre,
        p1_0.id_puesto,
        p1_0.nombre,
        e1_0.telefono 
    from
        empleado e1_0 
    left join
        puesto p1_0 
            on p1_0.id_puesto=e1_0.id_puesto 
    where
        e1_0.dni=?
Hibernate: 
    insert 
    into
        empleado
        (activo, email, fecha_inicio, fecha_nacimiento, nombre, id_puesto, telefono, dni) 
    values
        (?, ?, ?, ?, ?, ?, ?, ?)
Hibernate: 
    insert 
    into
        pago
        (id_descuento, dni_empleado, estado, fecha, id_mediopago, monto, dni_socio) 
    values
        (?, ?, ?, ?, ?, ?, ?) 
    returning id_pago
Hibernate: 
    select
        max(sm1_0.fecha_hasta) 
    from
        socio_membresia sm1_0 
    where
        sm1_0.dni_socio=? 
        and sm1_0.activo=true 
        and sm1_0.fecha_hasta>=current_date
Hibernate: 
    SELECT
        COUNT(*) 
    FROM
        asistencia A 
    WHERE
        A.estado_asistencia = 'PENDIENTE' 
        and A.DNI = ? 
Hibernate: 
    SELECT
        a.fecha_hora 
    FROM
        asistencia a 
    WHERE
        a.estado_asistencia = 'PENDIENTE'   
        AND a.dni = ?   
        AND a.fecha_hora >= CAST(? AS DATE) 
    ORDER BY
        a.fecha_hora ASC 
    LIMIT
        1 
Hibernate: 
    insert 
    into
        socio_membresia
        (activo, fecha_hasta, fecha_inicio, id_membresia, precio, dni_socio) 
    values
        (?, ?, ?, ?, ?, ?) 
    returning id_sm
Hibernate: 
    select
        a1_0.dni,
        a1_0.fecha_hora,
        a1_0.estado_asistencia 
    from
        asistencia a1_0 
    where
        a1_0.dni=? 
        and a1_0.estado_asistencia='PENDIENTE' 
        and a1_0.fecha_hora between ? and ?
Hibernate: 
    select
        dp1_0.id_pago,
        dp1_0.numero,
        dp1_0.cantidad,
        p1_0.id_pago,
        d1_0.id_descuento,
        d1_0.activo,
        d1_0.nombre,
        d1_0.porcentaje,
        e1_0.dni,
        e1_0.activo,
        e1_0.email,
        e1_0.fecha_inicio,
        e1_0.fecha_nacimiento,
        e1_0.nombre,
        p2_0.id_puesto,
        p2_0.nombre,
        e1_0.telefono,
        p1_0.estado,
        p1_0.fecha,
        mp1_0.id_mediopago,
        mp1_0.nombre,
        p1_0.monto,
        s1_0.dni,
        s1_0.activo,
        s1_0.email,
        s1_0.fecha_nacimiento,
        s1_0.nombre,
        s1_0.telefono,
        dp1_0.precio_unitario,
        p3_0.id_producto,
        p3_0.activo,
        p3_0.nombre,
        p3_0.precio_sugerido,
        p3_0.stock,
        p3_0.version,
        sm1_0.id_sm,
        sm1_0.activo,
        sm1_0.fecha_hasta,
        sm1_0.fecha_inicio,
        m1_0.id_membresia,
        m1_0.activo,
        m1_0.asistencias_por_semana,
        m1_0.duracion_dias,
        m1_0.nombre,
        m1_0.precio_sugerido,
        m1_0.tipo_membresia,
        sm1_0.precio,
        s2_0.dni,
        s2_0.activo,
        s2_0.email,
        s2_0.fecha_nacimiento,
        s2_0.nombre,
        s2_0.telefono,
        dp1_0.subtotal 
    from
        detalle_pago dp1_0 
    join
        pago p1_0 
            on p1_0.id_pago=dp1_0.id_pago 
    left join
        public.descuento d1_0 
            on d1_0.id_descuento=p1_0.id_descuento 
    left join
        empleado e1_0 
            on e1_0.dni=p1_0.dni_empleado 
    left join
        puesto p2_0 
            on p2_0.id_puesto=e1_0.id_puesto 
    left join
        medio_pago mp1_0 
            on mp1_0.id_mediopago=p1_0.id_mediopago 
    left join
        socio s1_0 
            on s1_0.dni=p1_0.dni_socio 
    left join
        producto p3_0 
            on p3_0.id_producto=dp1_0.id_producto 
    left join
        socio_membresia sm1_0 
            on sm1_0.id_sm=dp1_0.id_sm 
    left join
        membresia m1_0 
            on m1_0.id_membresia=sm1_0.id_membresia 
    left join
        socio s2_0 
            on s2_0.dni=sm1_0.dni_socio 
    where
        (
            dp1_0.id_pago, dp1_0.numero
        ) in ((?, ?))
Hibernate: 
    insert 
    into
        detalle_pago
        (cantidad, precio_unitario, id_producto, id_sm, id_pago, numero) 
    values
        (?, ?, ?, ?, ?, ?)
Hibernate: 
    update
        pago 
    set
        id_descuento=?,
        dni_empleado=?,
        estado=?,
        fecha=?,
        id_mediopago=?,
        monto=?,
        dni_socio=? 
    where
        id_pago=?
Hibernate: 
    SELECT
        *     
    FROM
        socio_membresia sm     
    WHERE
        sm.dni_socio = ?       
        AND sm.activo = true       
        AND CURRENT_DATE BETWEEN sm.fecha_inicio AND sm.fecha_hasta     
    ORDER BY
        sm.fecha_inicio DESC     
    LIMIT
        1 
Hibernate: 
    SELECT
        COUNT(*) 
    FROM
        asistencia A 
    WHERE
        A.estado_asistencia = 'PENDIENTE' 
        and A.DNI = ? 
Hibernate: 
    select
        count(*) 
    from
        socio s1_0 
    where
        s1_0.dni=?
Hibernate: 
    select
        s1_0.dni 
    from
        socio s1_0 
    where
        s1_0.email=? 
    fetch
        first ? rows only
Hibernate: 
    select
        s1_0.dni,
        s1_0.activo,
        s1_0.email,
        s1_0.fecha_nacimiento,
        s1_0.nombre,
        s1_0.telefono 
    from
        socio s1_0 
    where
        s1_0.dni=?
Hibernate: 
    select
        p1_0.id_puesto 
    from
        puesto p1_0 
    where
        p1_0.nombre=? 
    fetch
        first ? rows only
Hibernate: 
    insert 
    into
        socio
        (activo, email, fecha_nacimiento, nombre, telefono, dni) 
    values
        (?, ?, ?, ?, ?, ?)
Hibernate: 
    insert 
    into
        puesto
        (nombre) 
    values
        (?) 
    returning id_puesto
Hibernate: 
    select
        count(*) 
    from
        empleado e1_0 
    where
        e1_0.dni=?
Hibernate: 
    select
        e1_0.dni,
        e1_0.activo,
        e1_0.email,
        e1_0.fecha_inicio,
        e1_0.fecha_nacimiento,
        e1_0.nombre,
        p1_0.id_puesto,
        p1_0.nombre,
        e1_0.telefono 
    from
        empleado e1_0 
    left join
        puesto p1_0 
            on p1_0.id_puesto=e1_0.id_puesto 
    where
        e1_0.dni=?
Hibernate: 
    insert 
    into
        empleado
        (activo, email, fecha_inicio, fecha_nacimiento, nombre, id_puesto, telefono, dni) 
    values
        (?, ?, ?, ?, ?, ?, ?, ?)
Hibernate: 
    insert 
    into
        membresia
        (activo, asistencias_por_semana, duracion_dias, nombre, precio_sugerido, tipo_membresia) 
    values
        (?, ?, ?, ?, ?, ?) 
    returning id_membresia
Hibernate: 
    select
        mp1_0.id_mediopago,
        mp1_0.nombre 
    from
        medio_pago mp1_0 
    where
        mp1_0.id_mediopago=?
Hibernate: 
    insert 
    into
        puesto
        (nombre) 
    values
        (?) 
    returning id_puesto
Hibernate: 
    select
        s1_0.dni,
        s1_0.activo,
        s1_0.email,
        s1_0.fecha_nacimiento,
        s1_0.nombre,
        s1_0.telefono 
    from
        socio s1_0 
    where
        s1_0.dni=?
Hibernate: 
    insert 
    into
        medio_pago
        (nombre) 
    values
        (?) 
    returning id_mediopago
Hibernate: 
    select
        e1_0.dni,
        e1_0.activo,
        e1_0.email,
        e1_0.fecha_inicio,
        e1_0.fecha_nacimiento,
        e1_0.nombre,
        p1_0.id_puesto,
        p1_0.nombre,
        e1_0.telefono 
    from
        empleado e1_0 
    left join
        puesto p1_0 
            on p1_0.id_puesto=e1_0.id_puesto 
    where
        e1_0.dni=?
Hibernate: 
    insert 
    into
        empleado
        (activo, email, fecha_inicio, fecha_nacimiento, nombre, id_puesto, telefono, dni) 
    values
        (?, ?, ?, ?, ?, ?, ?, ?)
Hibernate: 
    select
        null,
        e1_0.activo,
        e1_0.email,
        e1_0.fecha_inicio,
        e1_0.fecha_nacimiento,
        e1_0.nombre,
        e1_0.id_puesto,
        e1_0.telefono 
    from
        empleado e1_0 
    where
        e1_0.dni=?
Hibernate: 
    select
        null,
        s1_0.activo,
        s1_0.email,
        s1_0.fecha_nacimiento,
        s1_0.nombre,
        s1_0.telefono 
    from
        socio s1_0 
    where
        s1_0.dni=?
Hibernate: 
    insert 
    into
        pago
        (id_descuento, dni_empleado, estado, fecha, id_mediopago, monto, dni_socio) 
    values
        (?, ?, ?, ?, ?, ?, ?) 
    returning id_pago
2026-02-25T20:34:08.673-03:00  INFO 19976 --- [           main] o.h.c.spi.AbstractPersistentCollection   : HHH000496: Detaching an uninitialized collection with queued operations from a session: [com.nexo.gestion.entity.Socio.membresias#44048664]
Hibernate: 
    select
        count(*) 
    from
        socio s1_0 
    where
        s1_0.dni=?
Hibernate: 
    select
        s1_0.dni 
    from
        socio s1_0 
    where
        s1_0.email=? 
    fetch
        first ? rows only
Hibernate: 
    select
        s1_0.dni,
        s1_0.activo,
        s1_0.email,
        s1_0.fecha_nacimiento,
        s1_0.nombre,
        s1_0.telefono 
    from
        socio s1_0 
    where
        s1_0.dni=?
Hibernate: 
    insert 
    into
        socio
        (activo, email, fecha_nacimiento, nombre, telefono, dni) 
    values
        (?, ?, ?, ?, ?, ?)
Hibernate: 
    insert 
    into
        membresia
        (activo, asistencias_por_semana, duracion_dias, nombre, precio_sugerido, tipo_membresia) 
    values
        (?, ?, ?, ?, ?, ?) 
    returning id_membresia
Hibernate: 
    select
        mp1_0.id_mediopago 
    from
        medio_pago mp1_0 
    where
        mp1_0.nombre=? 
    fetch
        first ? rows only
Hibernate: 
    insert 
    into
        medio_pago
        (nombre) 
    values
        (?) 
    returning id_mediopago
Hibernate: 
    select
        p1_0.id_puesto 
    from
        puesto p1_0 
    where
        p1_0.nombre=? 
    fetch
        first ? rows only
Hibernate: 
    insert 
    into
        puesto
        (nombre) 
    values
        (?) 
    returning id_puesto
Hibernate: 
    select
        count(*) 
    from
        empleado e1_0 
    where
        e1_0.dni=?
Hibernate: 
    select
        e1_0.dni,
        e1_0.activo,
        e1_0.email,
        e1_0.fecha_inicio,
        e1_0.fecha_nacimiento,
        e1_0.nombre,
        p1_0.id_puesto,
        p1_0.nombre,
        e1_0.telefono 
    from
        empleado e1_0 
    left join
        puesto p1_0 
            on p1_0.id_puesto=e1_0.id_puesto 
    where
        e1_0.dni=?
Hibernate: 
    insert 
    into
        empleado
        (activo, email, fecha_inicio, fecha_nacimiento, nombre, id_puesto, telefono, dni) 
    values
        (?, ?, ?, ?, ?, ?, ?, ?)
Hibernate: 
    insert 
    into
        pago
        (id_descuento, dni_empleado, estado, fecha, id_mediopago, monto, dni_socio) 
    values
        (?, ?, ?, ?, ?, ?, ?) 
    returning id_pago
Hibernate: 
    select
        max(sm1_0.fecha_hasta) 
    from
        socio_membresia sm1_0 
    where
        sm1_0.dni_socio=? 
        and sm1_0.activo=true 
        and sm1_0.fecha_hasta>=current_date
Hibernate: 
    SELECT
        COUNT(*) 
    FROM
        asistencia A 
    WHERE
        A.estado_asistencia = 'PENDIENTE' 
        and A.DNI = ? 
Hibernate: 
    insert 
    into
        socio_membresia
        (activo, fecha_hasta, fecha_inicio, id_membresia, precio, dni_socio) 
    values
        (?, ?, ?, ?, ?, ?) 
    returning id_sm
Hibernate: 
    select
        a1_0.dni,
        a1_0.fecha_hora,
        a1_0.estado_asistencia 
    from
        asistencia a1_0 
    where
        a1_0.dni=? 
        and a1_0.estado_asistencia='PENDIENTE' 
        and a1_0.fecha_hora between ? and ?
Hibernate: 
    select
        dp1_0.id_pago,
        dp1_0.numero,
        dp1_0.cantidad,
        p1_0.id_pago,
        d1_0.id_descuento,
        d1_0.activo,
        d1_0.nombre,
        d1_0.porcentaje,
        e1_0.dni,
        e1_0.activo,
        e1_0.email,
        e1_0.fecha_inicio,
        e1_0.fecha_nacimiento,
        e1_0.nombre,
        p2_0.id_puesto,
        p2_0.nombre,
        e1_0.telefono,
        p1_0.estado,
        p1_0.fecha,
        mp1_0.id_mediopago,
        mp1_0.nombre,
        p1_0.monto,
        s1_0.dni,
        s1_0.activo,
        s1_0.email,
        s1_0.fecha_nacimiento,
        s1_0.nombre,
        s1_0.telefono,
        dp1_0.precio_unitario,
        p3_0.id_producto,
        p3_0.activo,
        p3_0.nombre,
        p3_0.precio_sugerido,
        p3_0.stock,
        p3_0.version,
        sm1_0.id_sm,
        sm1_0.activo,
        sm1_0.fecha_hasta,
        sm1_0.fecha_inicio,
        m1_0.id_membresia,
        m1_0.activo,
        m1_0.asistencias_por_semana,
        m1_0.duracion_dias,
        m1_0.nombre,
        m1_0.precio_sugerido,
        m1_0.tipo_membresia,
        sm1_0.precio,
        s2_0.dni,
        s2_0.activo,
        s2_0.email,
        s2_0.fecha_nacimiento,
        s2_0.nombre,
        s2_0.telefono,
        dp1_0.subtotal 
    from
        detalle_pago dp1_0 
    join
        pago p1_0 
            on p1_0.id_pago=dp1_0.id_pago 
    left join
        public.descuento d1_0 
            on d1_0.id_descuento=p1_0.id_descuento 
    left join
        empleado e1_0 
            on e1_0.dni=p1_0.dni_empleado 
    left join
        puesto p2_0 
            on p2_0.id_puesto=e1_0.id_puesto 
    left join
        medio_pago mp1_0 
            on mp1_0.id_mediopago=p1_0.id_mediopago 
    left join
        socio s1_0 
            on s1_0.dni=p1_0.dni_socio 
    left join
        producto p3_0 
            on p3_0.id_producto=dp1_0.id_producto 
    left join
        socio_membresia sm1_0 
            on sm1_0.id_sm=dp1_0.id_sm 
    left join
        membresia m1_0 
            on m1_0.id_membresia=sm1_0.id_membresia 
    left join
        socio s2_0 
            on s2_0.dni=sm1_0.dni_socio 
    where
        (
            dp1_0.id_pago, dp1_0.numero
        ) in ((?, ?))
Hibernate: 
    insert 
    into
        detalle_pago
        (cantidad, precio_unitario, id_producto, id_sm, id_pago, numero) 
    values
        (?, ?, ?, ?, ?, ?)
Hibernate: 
    insert 
    into
        pago
        (id_descuento, dni_empleado, estado, fecha, id_mediopago, monto, dni_socio) 
    values
        (?, ?, ?, ?, ?, ?, ?) 
    returning id_pago
Hibernate: 
    select
        max(sm1_0.fecha_hasta) 
    from
        socio_membresia sm1_0 
    where
        sm1_0.dni_socio=? 
        and sm1_0.activo=true 
        and sm1_0.fecha_hasta>=current_date
Hibernate: 
    insert 
    into
        socio_membresia
        (activo, fecha_hasta, fecha_inicio, id_membresia, precio, dni_socio) 
    values
        (?, ?, ?, ?, ?, ?) 
    returning id_sm
Hibernate: 
    select
        a1_0.dni,
        a1_0.fecha_hora,
        a1_0.estado_asistencia 
    from
        asistencia a1_0 
    where
        a1_0.dni=? 
        and a1_0.estado_asistencia='PENDIENTE' 
        and a1_0.fecha_hora between ? and ?
Hibernate: 
    select
        dp1_0.id_pago,
        dp1_0.numero,
        dp1_0.cantidad,
        p1_0.id_pago,
        d1_0.id_descuento,
        d1_0.activo,
        d1_0.nombre,
        d1_0.porcentaje,
        e1_0.dni,
        e1_0.activo,
        e1_0.email,
        e1_0.fecha_inicio,
        e1_0.fecha_nacimiento,
        e1_0.nombre,
        p2_0.id_puesto,
        p2_0.nombre,
        e1_0.telefono,
        p1_0.estado,
        p1_0.fecha,
        mp1_0.id_mediopago,
        mp1_0.nombre,
        p1_0.monto,
        s1_0.dni,
        s1_0.activo,
        s1_0.email,
        s1_0.fecha_nacimiento,
        s1_0.nombre,
        s1_0.telefono,
        dp1_0.precio_unitario,
        p3_0.id_producto,
        p3_0.activo,
        p3_0.nombre,
        p3_0.precio_sugerido,
        p3_0.stock,
        p3_0.version,
        sm1_0.id_sm,
        sm1_0.activo,
        sm1_0.fecha_hasta,
        sm1_0.fecha_inicio,
        m1_0.id_membresia,
        m1_0.activo,
        m1_0.asistencias_por_semana,
        m1_0.duracion_dias,
        m1_0.nombre,
        m1_0.precio_sugerido,
        m1_0.tipo_membresia,
        sm1_0.precio,
        s2_0.dni,
        s2_0.activo,
        s2_0.email,
        s2_0.fecha_nacimiento,
        s2_0.nombre,
        s2_0.telefono,
        dp1_0.subtotal 
    from
        detalle_pago dp1_0 
    join
        pago p1_0 
            on p1_0.id_pago=dp1_0.id_pago 
    left join
        public.descuento d1_0 
            on d1_0.id_descuento=p1_0.id_descuento 
    left join
        empleado e1_0 
            on e1_0.dni=p1_0.dni_empleado 
    left join
        puesto p2_0 
            on p2_0.id_puesto=e1_0.id_puesto 
    left join
        medio_pago mp1_0 
            on mp1_0.id_mediopago=p1_0.id_mediopago 
    left join
        socio s1_0 
            on s1_0.dni=p1_0.dni_socio 
    left join
        producto p3_0 
            on p3_0.id_producto=dp1_0.id_producto 
    left join
        socio_membresia sm1_0 
            on sm1_0.id_sm=dp1_0.id_sm 
    left join
        membresia m1_0 
            on m1_0.id_membresia=sm1_0.id_membresia 
    left join
        socio s2_0 
            on s2_0.dni=sm1_0.dni_socio 
    where
        (
            dp1_0.id_pago, dp1_0.numero
        ) in ((?, ?))
Hibernate: 
    select
        sm1_0.id_sm,
        sm1_0.activo,
        sm1_0.fecha_hasta,
        sm1_0.fecha_inicio,
        sm1_0.id_membresia,
        sm1_0.precio,
        sm1_0.dni_socio 
    from
        socio_membresia sm1_0 
    where
        sm1_0.dni_socio=? 
    order by
        sm1_0.fecha_inicio
[ERROR] Tests run: 18, Failures: 0, Errors: 1, Skipped: 0, Time elapsed: 0.621 s <<< FAILURE! -- in com.nexo.gestion.PagoTest
[ERROR] com.nexo.gestion.PagoTest.verificarQuePagoNoPagadoNoAsignaMembresia -- Time elapsed: 0.032 s <<< ERROR!
org.springframework.dao.DataIntegrityViolationException: 
could not execute statement [ERROR: el nuevo registro para la relaci¾n ½detalle_pago╗ viola la restricci¾n ½check╗ ½ck_producto_o_membresia╗
  Detail: La fila que falla contiene (138, 1, null, null, 1, 50000.00, 50000.00).] [insert into detalle_pago (cantidad,precio_unitario,id_producto,id_sm,id_pago,numero) values (?,?,?,?,?,?)]; SQL [insert into detalle_pago (cantidad,precio_unitario,id_producto,id_sm,id_pago,numero) values (?,?,?,?,?,?)]; constraint [null]
	at org.springframework.orm.jpa.vendor.HibernateJpaDialect.convertHibernateAccessException(HibernateJpaDialect.java:290)
	at org.springframework.orm.jpa.vendor.HibernateJpaDialect.translateExceptionIfPossible(HibernateJpaDialect.java:241)
	at org.springframework.orm.jpa.AbstractEntityManagerFactoryBean.translateExceptionIfPossible(AbstractEntityManagerFactoryBean.java:550)
	at org.springframework.dao.support.ChainedPersistenceExceptionTranslator.translateExceptionIfPossible(ChainedPersistenceExceptionTranslator.java:61)
	at org.springframework.dao.support.DataAccessUtils.translateIfNecessary(DataAccessUtils.java:335)
	at org.springframework.dao.support.PersistenceExceptionTranslationInterceptor.invoke(PersistenceExceptionTranslationInterceptor.java:160)
	at org.springframework.aop.framework.ReflectiveMethodInvocation.proceed(ReflectiveMethodInvocation.java:184)
	at org.springframework.data.jpa.repository.support.CrudMethodMetadataPostProcessor$CrudMethodMetadataPopulatingMethodInterceptor.invoke(CrudMethodMetadataPostProcessor.java:136)
	at org.springframework.aop.framework.ReflectiveMethodInvocation.proceed(ReflectiveMethodInvocation.java:184)
	at org.springframework.aop.interceptor.ExposeInvocationInterceptor.invoke(ExposeInvocationInterceptor.java:97)
	at org.springframework.aop.framework.ReflectiveMethodInvocation.proceed(ReflectiveMethodInvocation.java:184)
	at org.springframework.aop.framework.JdkDynamicAopProxy.invoke(JdkDynamicAopProxy.java:223)
	at jdk.proxy2/jdk.proxy2.$Proxy180.findBySocioDniOrderByFechaInicioAsc(Unknown Source)
	at com.nexo.gestion.PagoTest.verificarQuePagoNoPagadoNoAsignaMembresia(PagoTest.java:303)
	at java.base/java.lang.reflect.Method.invoke(Method.java:568)
	at java.base/java.util.ArrayList.forEach(ArrayList.java:1511)
	at java.base/java.util.ArrayList.forEach(ArrayList.java:1511)
Caused by: org.hibernate.exception.ConstraintViolationException: could not execute statement [ERROR: el nuevo registro para la relaci¾n ½detalle_pago╗ viola la restricci¾n ½check╗ ½ck_producto_o_membresia╗
  Detail: La fila que falla contiene (138, 1, null, null, 1, 50000.00, 50000.00).] [insert into detalle_pago (cantidad,precio_unitario,id_producto,id_sm,id_pago,numero) values (?,?,?,?,?,?)]
	at org.hibernate.exception.internal.SQLStateConversionDelegate.convert(SQLStateConversionDelegate.java:97)
	at org.hibernate.exception.internal.StandardSQLExceptionConverter.convert(StandardSQLExceptionConverter.java:58)
	at org.hibernate.engine.jdbc.spi.SqlExceptionHelper.convert(SqlExceptionHelper.java:108)
	at org.hibernate.engine.jdbc.internal.ResultSetReturnImpl.executeUpdate(ResultSetReturnImpl.java:197)
	at org.hibernate.engine.jdbc.mutation.internal.AbstractMutationExecutor.performNonBatchedMutation(AbstractMutationExecutor.java:134)
	at org.hibernate.engine.jdbc.mutation.internal.MutationExecutorSingleNonBatched.performNonBatchedOperations(MutationExecutorSingleNonBatched.java:55)
	at org.hibernate.engine.jdbc.mutation.internal.AbstractMutationExecutor.execute(AbstractMutationExecutor.java:55)
	at org.hibernate.persister.entity.mutation.InsertCoordinatorStandard.doStaticInserts(InsertCoordinatorStandard.java:194)
	at org.hibernate.persister.entity.mutation.InsertCoordinatorStandard.coordinateInsert(InsertCoordinatorStandard.java:132)
	at org.hibernate.persister.entity.mutation.InsertCoordinatorStandard.insert(InsertCoordinatorStandard.java:104)
	at org.hibernate.action.internal.EntityInsertAction.execute(EntityInsertAction.java:110)
	at org.hibernate.engine.spi.ActionQueue.executeActions(ActionQueue.java:633)
	at org.hibernate.engine.spi.ActionQueue.executeActions(ActionQueue.java:500)
	at org.hibernate.event.internal.AbstractFlushingEventListener.performExecutions(AbstractFlushingEventListener.java:385)
	at org.hibernate.event.internal.DefaultAutoFlushEventListener.onAutoFlush(DefaultAutoFlushEventListener.java:66)
	at org.hibernate.event.service.internal.EventListenerGroupImpl.fireEventOnEachListener(EventListenerGroupImpl.java:127)
	at org.hibernate.internal.SessionImpl.autoFlushIfRequired(SessionImpl.java:1375)
	at org.hibernate.query.sqm.internal.ConcreteSqmSelectQueryPlan.lambda$new$2(ConcreteSqmSelectQueryPlan.java:138)
	at org.hibernate.query.sqm.internal.ConcreteSqmSelectQueryPlan.withCacheableSqmInterpretation(ConcreteSqmSelectQueryPlan.java:382)
	at org.hibernate.query.sqm.internal.ConcreteSqmSelectQueryPlan.performList(ConcreteSqmSelectQueryPlan.java:302)
	at org.hibernate.query.sqm.internal.QuerySqmImpl.doList(QuerySqmImpl.java:526)
	at org.hibernate.query.spi.AbstractSelectionQuery.list(AbstractSelectionQuery.java:423)
	at org.hibernate.query.Query.getResultList(Query.java:120)
	at org.springframework.data.jpa.repository.query.JpaQueryExecution$CollectionExecution.doExecute(JpaQueryExecution.java:129)
	at org.springframework.data.jpa.repository.query.JpaQueryExecution.execute(JpaQueryExecution.java:92)
	at org.springframework.data.jpa.repository.query.AbstractJpaQuery.doExecute(AbstractJpaQuery.java:152)
	at org.springframework.data.jpa.repository.query.AbstractJpaQuery.execute(AbstractJpaQuery.java:140)
	at org.springframework.data.repository.core.support.RepositoryMethodInvoker.doInvoke(RepositoryMethodInvoker.java:170)
	at org.springframework.data.repository.core.support.RepositoryMethodInvoker.invoke(RepositoryMethodInvoker.java:158)
	at org.springframework.data.repository.core.support.QueryExecutorMethodInterceptor.doInvoke(QueryExecutorMethodInterceptor.java:169)
	at org.springframework.data.repository.core.support.QueryExecutorMethodInterceptor.invoke(QueryExecutorMethodInterceptor.java:148)
	at org.springframework.aop.framework.ReflectiveMethodInvocation.proceed(ReflectiveMethodInvocation.java:184)
	at org.springframework.data.projection.DefaultMethodInvokingMethodInterceptor.invoke(DefaultMethodInvokingMethodInterceptor.java:70)
	at org.springframework.aop.framework.ReflectiveMethodInvocation.proceed(ReflectiveMethodInvocation.java:184)
	at org.springframework.transaction.interceptor.TransactionAspectSupport.invokeWithinTransaction(TransactionAspectSupport.java:379)
	at org.springframework.transaction.interceptor.TransactionInterceptor.invoke(TransactionInterceptor.java:119)
	at org.springframework.aop.framework.ReflectiveMethodInvocation.proceed(ReflectiveMethodInvocation.java:184)
	at org.springframework.dao.support.PersistenceExceptionTranslationInterceptor.invoke(PersistenceExceptionTranslationInterceptor.java:138)
	... 11 more
Caused by: org.postgresql.util.PSQLException: ERROR: el nuevo registro para la relaci¾n ½detalle_pago╗ viola la restricci¾n ½check╗ ½ck_producto_o_membresia╗
  Detail: La fila que falla contiene (138, 1, null, null, 1, 50000.00, 50000.00).
	at org.postgresql.core.v3.QueryExecutorImpl.receiveErrorResponse(QueryExecutorImpl.java:2733)
	at org.postgresql.core.v3.QueryExecutorImpl.processResults(QueryExecutorImpl.java:2420)
	at org.postgresql.core.v3.QueryExecutorImpl.execute(QueryExecutorImpl.java:372)
	at org.postgresql.jdbc.PgStatement.executeInternal(PgStatement.java:517)
	at org.postgresql.jdbc.PgStatement.execute(PgStatement.java:434)
	at org.postgresql.jdbc.PgPreparedStatement.executeWithFlags(PgPreparedStatement.java:194)
	at org.postgresql.jdbc.PgPreparedStatement.executeUpdate(PgPreparedStatement.java:155)
	at com.zaxxer.hikari.pool.ProxyPreparedStatement.executeUpdate(ProxyPreparedStatement.java:61)
	at com.zaxxer.hikari.pool.HikariProxyPreparedStatement.executeUpdate(HikariProxyPreparedStatement.java)
	at org.hibernate.engine.jdbc.internal.ResultSetReturnImpl.executeUpdate(ResultSetReturnImpl.java:194)
	... 45 more

[INFO] Running com.nexo.gestion.ProductoTest
2026-02-25T20:34:08.715-03:00  INFO 19976 --- [           main] t.c.s.AnnotationConfigContextLoaderUtils : Could not detect default configuration classes for test class [com.nexo.gestion.ProductoTest]: ProductoTest does not declare any static, non-private, non-final, nested classes annotated with @Configuration.
2026-02-25T20:34:08.717-03:00  INFO 19976 --- [           main] .b.t.c.SpringBootTestContextBootstrapper : Found @SpringBootConfiguration com.nexo.gestion.GestionApplication for test class com.nexo.gestion.ProductoTest
Hibernate: 
    select
        p1_0.id_producto 
    from
        producto p1_0 
    where
        p1_0.nombre=? 
    fetch
        first ? rows only
Hibernate: 
    insert 
    into
        producto
        (activo, nombre, precio_sugerido, stock, version) 
    values
        (?, ?, ?, ?, ?) 
    returning id_producto
Hibernate: 
    select
        p1_0.id_producto,
        p1_0.activo,
        p1_0.nombre,
        p1_0.precio_sugerido,
        p1_0.stock,
        p1_0.version 
    from
        producto p1_0 
    where
        p1_0.id_producto=?
Hibernate: 
    select
        p1_0.id_producto 
    from
        producto p1_0 
    where
        p1_0.nombre=? 
    fetch
        first ? rows only
Hibernate: 
    insert 
    into
        producto
        (activo, nombre, precio_sugerido, stock, version) 
    values
        (?, ?, ?, ?, ?) 
    returning id_producto
Hibernate: 
    select
        p1_0.id_producto 
    from
        producto p1_0 
    where
        p1_0.nombre=? 
    fetch
        first ? rows only
Hibernate: 
    insert 
    into
        producto
        (activo, nombre, precio_sugerido, stock, version) 
    values
        (?, ?, ?, ?, ?) 
    returning id_producto
Hibernate: 
    select
        p1_0.id_producto 
    from
        producto p1_0 
    where
        p1_0.nombre=? 
    fetch
        first ? rows only
Hibernate: 
    insert 
    into
        producto
        (activo, nombre, precio_sugerido, stock, version) 
    values
        (?, ?, ?, ?, ?) 
    returning id_producto
Hibernate: 
    select
        p1_0.id_producto 
    from
        producto p1_0 
    where
        p1_0.nombre=? 
    fetch
        first ? rows only
[INFO] Tests run: 5, Failures: 0, Errors: 0, Skipped: 0, Time elapsed: 0.045 s -- in com.nexo.gestion.ProductoTest
[INFO] Running com.nexo.gestion.RutinaTest
2026-02-25T20:34:08.761-03:00  INFO 19976 --- [           main] t.c.s.AnnotationConfigContextLoaderUtils : Could not detect default configuration classes for test class [com.nexo.gestion.RutinaTest]: RutinaTest does not declare any static, non-private, non-final, nested classes annotated with @Configuration.
2026-02-25T20:34:08.762-03:00  INFO 19976 --- [           main] .b.t.c.SpringBootTestContextBootstrapper : Found @SpringBootConfiguration com.nexo.gestion.GestionApplication for test class com.nexo.gestion.RutinaTest
Hibernate: 
    insert 
    into
        puesto
        (nombre) 
    values
        (?) 
    returning id_puesto
Hibernate: 
    select
        e1_0.dni,
        e1_0.activo,
        e1_0.email,
        e1_0.fecha_inicio,
        e1_0.fecha_nacimiento,
        e1_0.nombre,
        p1_0.id_puesto,
        p1_0.nombre,
        e1_0.telefono 
    from
        empleado e1_0 
    left join
        puesto p1_0 
            on p1_0.id_puesto=e1_0.id_puesto 
    where
        e1_0.dni=?
Hibernate: 
    insert 
    into
        empleado
        (activo, email, fecha_inicio, fecha_nacimiento, nombre, id_puesto, telefono, dni) 
    values
        (?, ?, ?, ?, ?, ?, ?, ?)
Hibernate: 
    select
        null,
        e1_0.activo,
        e1_0.email,
        e1_0.fecha_inicio,
        e1_0.fecha_nacimiento,
        e1_0.nombre,
        e1_0.id_puesto,
        e1_0.telefono 
    from
        empleado e1_0 
    where
        e1_0.dni=?
Hibernate: 
    insert 
    into
        rutina
        (descripcion, dni_empleado, fecha, id_plantilla_origen, nombre, personalizada, dni_socio) 
    values
        (?, ?, ?, ?, ?, ?, ?) 
    returning id_rutina
Hibernate: 
    insert 
    into
        grupo_muscular
        (nombre) 
    values
        (?) 
    returning id_grupo
Hibernate: 
    insert 
    into
        ejercicio
        (descripcion, id_grupo, nombre, video_url) 
    values
        (?, ?, ?, ?) 
    returning id_ejercicio
[INFO] Tests run: 2, Failures: 0, Errors: 0, Skipped: 0, Time elapsed: 0.024 s -- in com.nexo.gestion.RutinaTest
[INFO] Running com.nexo.gestion.SocioTest
2026-02-25T20:34:08.784-03:00  INFO 19976 --- [           main] t.c.s.AnnotationConfigContextLoaderUtils : Could not detect default configuration classes for test class [com.nexo.gestion.SocioTest]: SocioTest does not declare any static, non-private, non-final, nested classes annotated with @Configuration.
2026-02-25T20:34:08.785-03:00  INFO 19976 --- [           main] .b.t.c.SpringBootTestContextBootstrapper : Found @SpringBootConfiguration com.nexo.gestion.GestionApplication for test class com.nexo.gestion.SocioTest
Hibernate: 
    select
        s1_0.dni,
        s1_0.activo,
        s1_0.email,
        s1_0.fecha_nacimiento,
        s1_0.nombre,
        s1_0.telefono 
    from
        socio s1_0 
    where
        s1_0.dni=?
Hibernate: 
    insert 
    into
        membresia
        (activo, asistencias_por_semana, duracion_dias, nombre, precio_sugerido, tipo_membresia) 
    values
        (?, ?, ?, ?, ?, ?) 
    returning id_membresia
Hibernate: 
    select
        null,
        s1_0.activo,
        s1_0.email,
        s1_0.fecha_nacimiento,
        s1_0.nombre,
        s1_0.telefono 
    from
        socio s1_0 
    where
        s1_0.dni=?
Hibernate: 
    insert 
    into
        socio_membresia
        (activo, fecha_hasta, fecha_inicio, id_membresia, precio, dni_socio) 
    values
        (?, ?, ?, ?, ?, ?) 
    returning id_sm
Mateo
Estandar
2026-02-25
2026-03-27
2026-02-25T20:34:08.795-03:00  INFO 19976 --- [           main] o.h.c.spi.AbstractPersistentCollection   : HHH000496: Detaching an uninitialized collection with queued operations from a session: [com.nexo.gestion.entity.Socio.membresias#44048664]
Hibernate: 
    select
        s1_0.dni,
        s1_0.activo,
        s1_0.email,
        s1_0.fecha_nacimiento,
        s1_0.nombre,
        s1_0.telefono 
    from
        socio s1_0 
    where
        s1_0.dni=?
Hibernate: 
    select
        a1_0.dni,
        a1_0.fecha_hora,
        a1_0.estado_asistencia,
        s1_0.dni,
        s1_0.activo,
        s1_0.email,
        s1_0.fecha_nacimiento,
        s1_0.nombre,
        s1_0.telefono 
    from
        asistencia a1_0 
    join
        socio s1_0 
            on s1_0.dni=a1_0.dni 
    where
        (
            a1_0.dni, a1_0.fecha_hora
        ) in ((?, ?))
AsistenciaSocioId{dniSocio='44048664', fechaHora=2026-02-25T20:34:08.799771900}
2026-02-25T20:34:08.801-03:00  INFO 19976 --- [           main] o.h.c.spi.AbstractPersistentCollection   : HHH000496: Detaching an uninitialized collection with queued operations from a session: [com.nexo.gestion.entity.Socio.membresias#44048664]
Hibernate: 
    insert 
    into
        membresia
        (activo, asistencias_por_semana, duracion_dias, nombre, precio_sugerido, tipo_membresia) 
    values
        (?, ?, ?, ?, ?, ?) 
    returning id_membresia
Hibernate: 
    select
        count(*) 
    from
        socio s1_0 
    where
        s1_0.dni=?
Hibernate: 
    select
        s1_0.dni 
    from
        socio s1_0 
    where
        s1_0.email=? 
    fetch
        first ? rows only
Hibernate: 
    select
        s1_0.dni,
        s1_0.activo,
        s1_0.email,
        s1_0.fecha_nacimiento,
        s1_0.nombre,
        s1_0.telefono 
    from
        socio s1_0 
    where
        s1_0.dni=?
Hibernate: 
    insert 
    into
        socio
        (activo, email, fecha_nacimiento, nombre, telefono, dni) 
    values
        (?, ?, ?, ?, ?, ?)
Hibernate: 
    insert 
    into
        membresia
        (activo, asistencias_por_semana, duracion_dias, nombre, precio_sugerido, tipo_membresia) 
    values
        (?, ?, ?, ?, ?, ?) 
    returning id_membresia
Hibernate: 
    insert 
    into
        socio_membresia
        (activo, fecha_hasta, fecha_inicio, id_membresia, precio, dni_socio) 
    values
        (?, ?, ?, ?, ?, ?) 
    returning id_sm
Hibernate: 
    select
        s1_0.dni,
        s1_0.activo,
        s1_0.email,
        s1_0.fecha_nacimiento,
        s1_0.nombre,
        s1_0.telefono 
    from
        socio s1_0 
    where
        s1_0.dni=?
Hibernate: 
    insert 
    into
        socio
        (activo, email, fecha_nacimiento, nombre, telefono, dni) 
    values
        (?, ?, ?, ?, ?, ?)
Hibernate: 
    select
        null,
        s1_0.activo,
        s1_0.email,
        s1_0.fecha_nacimiento,
        s1_0.nombre,
        s1_0.telefono 
    from
        socio s1_0 
    where
        s1_0.dni=?
Hibernate: 
    insert 
    into
        socio_membresia
        (activo, fecha_hasta, fecha_inicio, id_membresia, precio, dni_socio) 
    values
        (?, ?, ?, ?, ?, ?) 
    returning id_sm
Hibernate: 
    select
        s1_0.dni,
        s1_0.activo,
        s1_0.email,
        s1_0.fecha_nacimiento,
        s1_0.nombre,
        s1_0.telefono 
    from
        socio s1_0 
    where
        (
            ? is null 
            or lower(s1_0.nombre) like ? escape '' 
            or s1_0.dni like ? escape ''
        ) 
        and (
            ? is null 
            or (
                ?=true 
                and exists(select
                    sm1_0.id_sm 
                from
                    socio_membresia sm1_0 
                where
                    sm1_0.dni_socio=s1_0.dni 
                    and sm1_0.activo=true 
                    and current_date between sm1_0.fecha_inicio and sm1_0.fecha_hasta)
            ) 
            or (
                ?=false 
                and not exists(select
                    sm2_0.id_sm 
                from
                    socio_membresia sm2_0 
                where
                    sm2_0.dni_socio=s1_0.dni 
                    and sm2_0.activo=true 
                    and current_date between sm2_0.fecha_inicio and sm2_0.fecha_hasta)
            )
        ) 
    order by
        s1_0.nombre 
    fetch
        first ? rows only
Hibernate: 
    select
        s1_0.dni,
        s1_0.activo,
        s1_0.email,
        s1_0.fecha_nacimiento,
        s1_0.nombre,
        s1_0.telefono 
    from
        socio s1_0 
    where
        (
            ? is null 
            or lower(s1_0.nombre) like ? escape '' 
            or s1_0.dni like ? escape ''
        ) 
        and (
            ? is null 
            or (
                ?=true 
                and exists(select
                    sm1_0.id_sm 
                from
                    socio_membresia sm1_0 
                where
                    sm1_0.dni_socio=s1_0.dni 
                    and sm1_0.activo=true 
                    and current_date between sm1_0.fecha_inicio and sm1_0.fecha_hasta)
            ) 
            or (
                ?=false 
                and not exists(select
                    sm2_0.id_sm 
                from
                    socio_membresia sm2_0 
                where
                    sm2_0.dni_socio=s1_0.dni 
                    and sm2_0.activo=true 
                    and current_date between sm2_0.fecha_inicio and sm2_0.fecha_hasta)
            )
        ) 
    order by
        s1_0.nombre 
    fetch
        first ? rows only
Hibernate: 
    select
        s1_0.dni,
        s1_0.activo,
        s1_0.email,
        s1_0.fecha_nacimiento,
        s1_0.nombre,
        s1_0.telefono 
    from
        socio s1_0 
    where
        (
            ? is null 
            or lower(s1_0.nombre) like ? escape '' 
            or s1_0.dni like ? escape ''
        ) 
        and (
            ? is null 
            or (
                ?=true 
                and exists(select
                    sm1_0.id_sm 
                from
                    socio_membresia sm1_0 
                where
                    sm1_0.dni_socio=s1_0.dni 
                    and sm1_0.activo=true 
                    and current_date between sm1_0.fecha_inicio and sm1_0.fecha_hasta)
            ) 
            or (
                ?=false 
                and not exists(select
                    sm2_0.id_sm 
                from
                    socio_membresia sm2_0 
                where
                    sm2_0.dni_socio=s1_0.dni 
                    and sm2_0.activo=true 
                    and current_date between sm2_0.fecha_inicio and sm2_0.fecha_hasta)
            )
        ) 
    order by
        s1_0.nombre 
    fetch
        first ? rows only
Hibernate: 
    select
        s1_0.dni,
        s1_0.activo,
        s1_0.email,
        s1_0.fecha_nacimiento,
        s1_0.nombre,
        s1_0.telefono 
    from
        socio s1_0 
    where
        (
            ? is null 
            or lower(s1_0.nombre) like ? escape '' 
            or s1_0.dni like ? escape ''
        ) 
        and (
            ? is null 
            or (
                ?=true 
                and exists(select
                    sm1_0.id_sm 
                from
                    socio_membresia sm1_0 
                where
                    sm1_0.dni_socio=s1_0.dni 
                    and sm1_0.activo=true 
                    and current_date between sm1_0.fecha_inicio and sm1_0.fecha_hasta)
            ) 
            or (
                ?=false 
                and not exists(select
                    sm2_0.id_sm 
                from
                    socio_membresia sm2_0 
                where
                    sm2_0.dni_socio=s1_0.dni 
                    and sm2_0.activo=true 
                    and current_date between sm2_0.fecha_inicio and sm2_0.fecha_hasta)
            )
        ) 
    order by
        s1_0.nombre 
    fetch
        first ? rows only
Hibernate: 
    select
        s1_0.dni,
        s1_0.activo,
        s1_0.email,
        s1_0.fecha_nacimiento,
        s1_0.nombre,
        s1_0.telefono 
    from
        socio s1_0 
    where
        (
            ? is null 
            or lower(s1_0.nombre) like ? escape '' 
            or s1_0.dni like ? escape ''
        ) 
        and (
            ? is null 
            or (
                ?=true 
                and exists(select
                    sm1_0.id_sm 
                from
                    socio_membresia sm1_0 
                where
                    sm1_0.dni_socio=s1_0.dni 
                    and sm1_0.activo=true 
                    and current_date between sm1_0.fecha_inicio and sm1_0.fecha_hasta)
            ) 
            or (
                ?=false 
                and not exists(select
                    sm2_0.id_sm 
                from
                    socio_membresia sm2_0 
                where
                    sm2_0.dni_socio=s1_0.dni 
                    and sm2_0.activo=true 
                    and current_date between sm2_0.fecha_inicio and sm2_0.fecha_hasta)
            )
        ) 
    order by
        s1_0.nombre 
    fetch
        first ? rows only
Hibernate: 
    select
        s1_0.dni,
        s1_0.activo,
        s1_0.email,
        s1_0.fecha_nacimiento,
        s1_0.nombre,
        s1_0.telefono 
    from
        socio s1_0 
    where
        (
            ? is null 
            or lower(s1_0.nombre) like ? escape '' 
            or s1_0.dni like ? escape ''
        ) 
        and (
            ? is null 
            or (
                ?=true 
                and exists(select
                    sm1_0.id_sm 
                from
                    socio_membresia sm1_0 
                where
                    sm1_0.dni_socio=s1_0.dni 
                    and sm1_0.activo=true 
                    and current_date between sm1_0.fecha_inicio and sm1_0.fecha_hasta)
            ) 
            or (
                ?=false 
                and not exists(select
                    sm2_0.id_sm 
                from
                    socio_membresia sm2_0 
                where
                    sm2_0.dni_socio=s1_0.dni 
                    and sm2_0.activo=true 
                    and current_date between sm2_0.fecha_inicio and sm2_0.fecha_hasta)
            )
        ) 
    order by
        s1_0.nombre 
    fetch
        first ? rows only
Hibernate: 
    insert 
    into
        membresia
        (activo, asistencias_por_semana, duracion_dias, nombre, precio_sugerido, tipo_membresia) 
    values
        (?, ?, ?, ?, ?, ?) 
    returning id_membresia
Hibernate: 
    select
        s1_0.dni,
        s1_0.activo,
        s1_0.email,
        s1_0.fecha_nacimiento,
        s1_0.nombre,
        s1_0.telefono 
    from
        socio s1_0 
    where
        s1_0.dni=?
2026-02-25T20:34:08.841-03:00  INFO 19976 --- [           main] o.h.c.spi.AbstractPersistentCollection   : HHH000496: Detaching an uninitialized collection with queued operations from a session: [com.nexo.gestion.entity.Socio.membresias#44048664]
[INFO] Tests run: 5, Failures: 0, Errors: 0, Skipped: 0, Time elapsed: 0.058 s -- in com.nexo.gestion.SocioTest
[INFO] 
[INFO] Results:
[INFO] 
[ERROR] Errors: 
[ERROR]   PagoTest.verificarQuePagoNoPagadoNoAsignaMembresia:303 ╗ DataIntegrityViolation could not execute statement [ERROR: el nuevo registro para la relaci¾n ½detalle_pago╗ viola la restricci¾n ½check╗ ½ck_producto_o_membresia╗
  Detail: La fila que falla contiene (138, 1, null, null, 1, 50000.00, 50000.00).] [insert into detalle_pago (cantidad,precio_unitario,id_producto,id_sm,id_pago,numero) values (?,?,?,?,?,?)]; SQL [insert into detalle_pago (cantidad,precio_unitario,id_producto,id_sm,id_pago,numero) values (?,?,?,?,?,?)]; constraint [null]
[INFO] 
[ERROR] Tests run: 38, Failures: 0, Errors: 1, Skipped: 0
[INFO] 
[INFO] ------------------------------------------------------------------------
[INFO] BUILD FAILURE
[INFO] ------------------------------------------------------------------------
[INFO] Total time:  16.036 s
[INFO] Finished at: 2026-02-25T20:34:08-03:00
[INFO] ------------------------------------------------------------------------
[ERROR] Failed to execute goal org.apache.maven.plugins:maven-surefire-plugin:3.2.5:test (default-test) on project gestion: 
[ERROR] 
[ERROR] Please refer to C:\Users\matuc\OneDrive\Escritorio\gestion\target\surefire-reports for the individual test results.
[ERROR] Please refer to dump files (if any exist) [date].dump, [date]-jvmRun[N].dump and [date].dumpstream.
[ERROR] -> [Help 1]
[ERROR] 
[ERROR] To see the full stack trace of the errors, re-run Maven with the -e switch.
[ERROR] Re-run Maven using the -X switch to enable full debug logging.
[ERROR] 
[ERROR] For more information about the errors and possible solutions, please read the following articles:
[ERROR] [Help 1] http://cwiki.apache.org/confluence/display/MAVEN/MojoFailureException
