[INFO] Scanning for projects...
[INFO] 
[INFO] --------------------------< com.nexo:gestion >--------------------------
[INFO] Building gestion 0.0.1-SNAPSHOT
[INFO]   from pom.xml
[INFO] --------------------------------[ jar ]---------------------------------
[INFO] 
[INFO] --- clean:3.3.2:clean (default-clean) @ gestion ---
[INFO] Deleting C:\Users\matuc\OneDrive\Escritorio\gestion\target
[INFO] 
[INFO] --- resources:3.3.1:resources (default-resources) @ gestion ---
[INFO] Copying 2 resources from src\main\resources to target\classes
[INFO] Copying 82 resources from src\main\resources to target\classes
[INFO] 
[INFO] --- compiler:3.13.0:compile (default-compile) @ gestion ---
[INFO] Recompiling the module because of changed source code.
[INFO] Compiling 152 source files with javac [debug parameters release 17] to target\classes
[INFO] /C:/Users/matuc/OneDrive/Escritorio/gestion/src/main/java/com/nexo/gestion/services/FinanzaService.java: C:\Users\matuc\OneDrive\Escritorio\gestion\src\main\java\com\nexo\gestion\services\FinanzaService.java uses unchecked or unsafe operations.
[INFO] /C:/Users/matuc/OneDrive/Escritorio/gestion/src/main/java/com/nexo/gestion/services/FinanzaService.java: Recompile with -Xlint:unchecked for details.
[INFO] 
[INFO] --- resources:3.3.1:testResources (default-testResources) @ gestion ---
[INFO] Copying 1 resource from src\test\resources to target\test-classes
[INFO] 
[INFO] --- compiler:3.13.0:testCompile (default-testCompile) @ gestion ---
[INFO] Recompiling the module because of changed dependency.
[INFO] Compiling 14 source files with javac [debug parameters release 17] to target\test-classes
[INFO] ------------------------------------------------------------------------
[INFO] BUILD SUCCESS
[INFO] ------------------------------------------------------------------------
[INFO] Total time:  5.281 s
[INFO] Finished at: 2026-03-02T14:46:58-03:00
[INFO] ------------------------------------------------------------------------
